Archive member included to satisfy reference by file (symbol)

/opt/stm32cubeide/plugins/com.st.stm32cube.ide.mcu.externaltools.gnu-tools-for-stm32.10.3-2021.10.linux64_1.0.100.202210260954/tools/bin/../lib/gcc/arm-none-eabi/10.3.1/../../../../arm-none-eabi/lib/thumb/v7-m/nofp/libc_nano.a(lib_a-errno.o)
                              ./Core/Src/syscalls.o (__errno)
/opt/stm32cubeide/plugins/com.st.stm32cube.ide.mcu.externaltools.gnu-tools-for-stm32.10.3-2021.10.linux64_1.0.100.202210260954/tools/bin/../lib/gcc/arm-none-eabi/10.3.1/../../../../arm-none-eabi/lib/thumb/v7-m/nofp/libc_nano.a(lib_a-exit.o)
                              /opt/stm32cubeide/plugins/com.st.stm32cube.ide.mcu.externaltools.gnu-tools-for-stm32.10.3-2021.10.linux64_1.0.100.202210260954/tools/bin/../lib/gcc/arm-none-eabi/10.3.1/../../../../arm-none-eabi/lib/thumb/v7-m/nofp/crt0.o (exit)
/opt/stm32cubeide/plugins/com.st.stm32cube.ide.mcu.externaltools.gnu-tools-for-stm32.10.3-2021.10.linux64_1.0.100.202210260954/tools/bin/../lib/gcc/arm-none-eabi/10.3.1/../../../../arm-none-eabi/lib/thumb/v7-m/nofp/libc_nano.a(lib_a-impure.o)
                              /opt/stm32cubeide/plugins/com.st.stm32cube.ide.mcu.externaltools.gnu-tools-for-stm32.10.3-2021.10.linux64_1.0.100.202210260954/tools/bin/../lib/gcc/arm-none-eabi/10.3.1/../../../../arm-none-eabi/lib/thumb/v7-m/nofp/libc_nano.a(lib_a-exit.o) (_global_impure_ptr)
/opt/stm32cubeide/plugins/com.st.stm32cube.ide.mcu.externaltools.gnu-tools-for-stm32.10.3-2021.10.linux64_1.0.100.202210260954/tools/bin/../lib/gcc/arm-none-eabi/10.3.1/../../../../arm-none-eabi/lib/thumb/v7-m/nofp/libc_nano.a(lib_a-init.o)
                              /opt/stm32cubeide/plugins/com.st.stm32cube.ide.mcu.externaltools.gnu-tools-for-stm32.10.3-2021.10.linux64_1.0.100.202210260954/tools/bin/../lib/gcc/arm-none-eabi/10.3.1/../../../../arm-none-eabi/lib/thumb/v7-m/nofp/crt0.o (__libc_init_array)
/opt/stm32cubeide/plugins/com.st.stm32cube.ide.mcu.externaltools.gnu-tools-for-stm32.10.3-2021.10.linux64_1.0.100.202210260954/tools/bin/../lib/gcc/arm-none-eabi/10.3.1/../../../../arm-none-eabi/lib/thumb/v7-m/nofp/libc_nano.a(lib_a-memcpy-stub.o)
                              ./Middlewares/Third_Party/AL94_USB_Composite/COMPOSITE/Class/COMPOSITE/Src/usbd_composite.o (memcpy)
/opt/stm32cubeide/plugins/com.st.stm32cube.ide.mcu.externaltools.gnu-tools-for-stm32.10.3-2021.10.linux64_1.0.100.202210260954/tools/bin/../lib/gcc/arm-none-eabi/10.3.1/../../../../arm-none-eabi/lib/thumb/v7-m/nofp/libc_nano.a(lib_a-memset.o)
                              /opt/stm32cubeide/plugins/com.st.stm32cube.ide.mcu.externaltools.gnu-tools-for-stm32.10.3-2021.10.linux64_1.0.100.202210260954/tools/bin/../lib/gcc/arm-none-eabi/10.3.1/../../../../arm-none-eabi/lib/thumb/v7-m/nofp/crt0.o (memset)
/opt/stm32cubeide/plugins/com.st.stm32cube.ide.mcu.externaltools.gnu-tools-for-stm32.10.3-2021.10.linux64_1.0.100.202210260954/tools/bin/../lib/gcc/arm-none-eabi/10.3.1/../../../../arm-none-eabi/lib/thumb/v7-m/nofp/libc_nano.a(lib_a-snprintf.o)
                              ./Middlewares/Third_Party/AL94_USB_Composite/COMPOSITE/Class/COMPOSITE/Src/usbd_composite.o (snprintf)
/opt/stm32cubeide/plugins/com.st.stm32cube.ide.mcu.externaltools.gnu-tools-for-stm32.10.3-2021.10.linux64_1.0.100.202210260954/tools/bin/../lib/gcc/arm-none-eabi/10.3.1/../../../../arm-none-eabi/lib/thumb/v7-m/nofp/libc_nano.a(lib_a-sprintf.o)
                              ./Core/Src/main.o (sprintf)
/opt/stm32cubeide/plugins/com.st.stm32cube.ide.mcu.externaltools.gnu-tools-for-stm32.10.3-2021.10.linux64_1.0.100.202210260954/tools/bin/../lib/gcc/arm-none-eabi/10.3.1/../../../../arm-none-eabi/lib/thumb/v7-m/nofp/libc_nano.a(lib_a-nano-svfprintf.o)
                              /opt/stm32cubeide/plugins/com.st.stm32cube.ide.mcu.externaltools.gnu-tools-for-stm32.10.3-2021.10.linux64_1.0.100.202210260954/tools/bin/../lib/gcc/arm-none-eabi/10.3.1/../../../../arm-none-eabi/lib/thumb/v7-m/nofp/libc_nano.a(lib_a-snprintf.o) (_svfprintf_r)
/opt/stm32cubeide/plugins/com.st.stm32cube.ide.mcu.externaltools.gnu-tools-for-stm32.10.3-2021.10.linux64_1.0.100.202210260954/tools/bin/../lib/gcc/arm-none-eabi/10.3.1/../../../../arm-none-eabi/lib/thumb/v7-m/nofp/libc_nano.a(lib_a-nano-vfprintf_i.o)
                              /opt/stm32cubeide/plugins/com.st.stm32cube.ide.mcu.externaltools.gnu-tools-for-stm32.10.3-2021.10.linux64_1.0.100.202210260954/tools/bin/../lib/gcc/arm-none-eabi/10.3.1/../../../../arm-none-eabi/lib/thumb/v7-m/nofp/libc_nano.a(lib_a-nano-svfprintf.o) (_printf_i)
/opt/stm32cubeide/plugins/com.st.stm32cube.ide.mcu.externaltools.gnu-tools-for-stm32.10.3-2021.10.linux64_1.0.100.202210260954/tools/bin/../lib/gcc/arm-none-eabi/10.3.1/../../../../arm-none-eabi/lib/thumb/v7-m/nofp/libc_nano.a(lib_a-memchr-stub.o)
[...]
Memory Configuration

Name             Origin             Length             Attributes
RAM              0x0000000020000000 0x0000000000005000 xrw
FLASH            0x0000000008000000 0x0000000000010000 xr
*default*        0x0000000000000000 0xffffffffffffffff

Linker script and memory map

LOAD /opt/stm32cubeide/plugins/com.st.stm32cube.ide.mcu.externaltools.gnu-tools-for-stm32.10.3-2021.10.linux64_1.0.100.202210260954/tools/bin/../lib/gcc/arm-none-eabi/10.3.1/thumb/v7-m/nofp/crti.o
LOAD /opt/stm32cubeide/plugins/com.st.stm32cube.ide.mcu.externaltools.gnu-tools-for-stm32.10.3-2021.10.linux64_1.0.100.202210260954/tools/bin/../lib/gcc/arm-none-eabi/10.3.1/thumb/v7-m/nofp/crtbegin.o
LOAD /opt/stm32cubeide/plugins/com.st.stm32cube.ide.mcu.externaltools.gnu-tools-for-stm32.10.3-2021.10.linux64_1.0.100.202210260954/tools/bin/../lib/gcc/arm-none-eabi/10.3.1/../../../../arm-none-eabi/lib/thumb/v7-m/nofp/crt0.o
LOAD ./Core/Src/adc.o
LOAD ./Core/Src/dma.o
LOAD ./Core/Src/gpio.o
LOAD ./Core/Src/main.o
LOAD ./Core/Src/stm32f1xx_hal_msp.o
LOAD ./Core/Src/stm32f1xx_it.o
LOAD ./Core/Src/syscalls.o
LOAD ./Core/Src/sysmem.o
LOAD ./Core/Src/system_stm32f1xx.o
LOAD ./Core/Src/tim.o
LOAD ./Core/Src/usb.o
LOAD ./Core/Startup/startup_stm32f103c8tx.o
LOAD ./Drivers/STM32F1xx_HAL_Driver/Src/stm32f1xx_hal.o
LOAD ./Drivers/STM32F1xx_HAL_Driver/Src/stm32f1xx_hal_adc.o
LOAD ./Drivers/STM32F1xx_HAL_Driver/Src/stm32f1xx_hal_adc_ex.o
LOAD ./Drivers/STM32F1xx_HAL_Driver/Src/stm32f1xx_hal_cortex.o
LOAD ./Drivers/STM32F1xx_HAL_Driver/Src/stm32f1xx_hal_dma.o
LOAD ./Drivers/STM32F1xx_HAL_Driver/Src/stm32f1xx_hal_exti.o
LOAD ./Drivers/STM32F1xx_HAL_Driver/Src/stm32f1xx_hal_flash.o
LOAD ./Drivers/STM32F1xx_HAL_Driver/Src/stm32f1xx_hal_flash_ex.o
LOAD ./Drivers/STM32F1xx_HAL_Driver/Src/stm32f1xx_hal_gpio.o
LOAD ./Drivers/STM32F1xx_HAL_Driver/Src/stm32f1xx_hal_gpio_ex.o
LOAD ./Drivers/STM32F1xx_HAL_Driver/Src/stm32f1xx_hal_pcd.o
LOAD ./Drivers/STM32F1xx_HAL_Driver/Src/stm32f1xx_hal_pcd_ex.o
LOAD ./Drivers/STM32F1xx_HAL_Driver/Src/stm32f1xx_hal_pwr.o
LOAD ./Drivers/STM32F1xx_HAL_Driver/Src/stm32f1xx_hal_rcc.o
LOAD ./Drivers/STM32F1xx_HAL_Driver/Src/stm32f1xx_hal_rcc_ex.o
LOAD ./Drivers/STM32F1xx_HAL_Driver/Src/stm32f1xx_hal_tim.o
LOAD ./Drivers/STM32F1xx_HAL_Driver/Src/stm32f1xx_hal_tim_ex.o
LOAD ./Drivers/STM32F1xx_HAL_Driver/Src/stm32f1xx_ll_usb.o
LOAD ./Middlewares/Third_Party/AL94_USB_Composite/COMPOSITE/App/usb_device.o
LOAD ./Middlewares/Third_Party/AL94_USB_Composite/COMPOSITE/App/usbd_cdc_acm_if.o
LOAD ./Middlewares/Third_Party/AL94_USB_Composite/COMPOSITE/App/usbd_desc.o
LOAD ./Middlewares/Third_Party/AL94_USB_Composite/COMPOSITE/Class/CDC_ACM/Src/usbd_cdc_acm.o
LOAD ./Middlewares/Third_Party/AL94_USB_Composite/COMPOSITE/Class/COMPOSITE/Src/usbd_composite.o
LOAD ./Middlewares/Third_Party/AL94_USB_Composite/COMPOSITE/Class/HID_KEYBOARD/Src/usbd_hid_keyboard.o
LOAD ./Middlewares/Third_Party/AL94_USB_Composite/COMPOSITE/Core/Src/usbd_core.o
LOAD ./Middlewares/Third_Party/AL94_USB_Composite/COMPOSITE/Core/Src/usbd_ctlreq.o
LOAD ./Middlewares/Third_Party/AL94_USB_Composite/COMPOSITE/Core/Src/usbd_ioreq.o
LOAD ./Middlewares/Third_Party/AL94_USB_Composite/COMPOSITE/Target/usbd_conf.o
START GROUP
LOAD /opt/stm32cubeide/plugins/com.st.stm32cube.ide.mcu.externaltools.gnu-tools-for-stm32.10.3-2021.10.linux64_1.0.100.202210260954/tools/bin/../lib/gcc/arm-none-eabi/10.3.1/../../../../arm-none-eabi/lib/thumb/v7-m/nofp/libc_nano.a
LOAD /opt/stm32cubeide/plugins/com.st.stm32cube.ide.mcu.externaltools.gnu-tools-for-stm32.10.3-2021.10.linux64_1.0.100.202210260954/tools/bin/../lib/gcc/arm-none-eabi/10.3.1/../../../../arm-none-eabi/lib/thumb/v7-m/nofp/libm.a
END GROUP
START GROUP
LOAD /opt/stm32cubeide/plugins/com.st.stm32cube.ide.mcu.externaltools.gnu-tools-for-stm32.10.3-2021.10.linux64_1.0.100.202210260954/tools/bin/../lib/gcc/arm-none-eabi/10.3.1/thumb/v7-m/nofp/libgcc.a
LOAD /opt/stm32cubeide/plugins/com.st.stm32cube.ide.mcu.externaltools.gnu-tools-for-stm32.10.3-2021.10.linux64_1.0.100.202210260954/tools/bin/../lib/gcc/arm-none-eabi/10.3.1/../../../../arm-none-eabi/lib/thumb/v7-m/nofp/libc_nano.a
END GROUP
START GROUP
LOAD /opt/stm32cubeide/plugins/com.st.stm32cube.ide.mcu.externaltools.gnu-tools-for-stm32.10.3-2021.10.linux64_1.0.100.202210260954/tools/bin/../lib/gcc/arm-none-eabi/10.3.1/thumb/v7-m/nofp/libgcc.a
LOAD /opt/stm32cubeide/plugins/com.st.stm32cube.ide.mcu.externaltools.gnu-tools-for-stm32.10.3-2021.10.linux64_1.0.100.202210260954/tools/bin/../lib/gcc/arm-none-eabi/10.3.1/../../../../arm-none-eabi/lib/thumb/v7-m/nofp/libc_nano.a
LOAD /opt/stm32cubeide/plugins/com.st.stm32cube.ide.mcu.externaltools.gnu-tools-for-stm32.10.3-2021.10.linux64_1.0.100.202210260954/tools/bin/../lib/gcc/arm-none-eabi/10.3.1/../../../../arm-none-eabi/lib/thumb/v7-m/nofp/libnosys.a
END GROUP
START GROUP
LOAD /opt/stm32cubeide/plugins/com.st.stm32cube.ide.mcu.externaltools.gnu-tools-for-stm32.10.3-2021.10.linux64_1.0.100.202210260954/tools/bin/../lib/gcc/arm-none-eabi/10.3.1/thumb/v7-m/nofp/libgcc.a
LOAD /opt/stm32cubeide/plugins/com.st.stm32cube.ide.mcu.externaltools.gnu-tools-for-stm32.10.3-2021.10.linux64_1.0.100.202210260954/tools/bin/../lib/gcc/arm-none-eabi/10.3.1/../../../../arm-none-eabi/lib/thumb/v7-m/nofp/libc_nano.a
LOAD /opt/stm32cubeide/plugins/com.st.stm32cube.ide.mcu.externaltools.gnu-tools-for-stm32.10.3-2021.10.linux64_1.0.100.202210260954/tools/bin/../lib/gcc/arm-none-eabi/10.3.1/../../../../arm-none-eabi/lib/thumb/v7-m/nofp/libnosys.a
END GROUP
LOAD /opt/stm32cubeide/plugins/com.st.stm32cube.ide.mcu.externaltools.gnu-tools-for-stm32.10.3-2021.10.linux64_1.0.100.202210260954/tools/bin/../lib/gcc/arm-none-eabi/10.3.1/thumb/v7-m/nofp/crtend.o
LOAD /opt/stm32cubeide/plugins/com.st.stm32cube.ide.mcu.externaltools.gnu-tools-for-stm32.10.3-2021.10.linux64_1.0.100.202210260954/tools/bin/../lib/gcc/arm-none-eabi/10.3.1/thumb/v7-m/nofp/crtn.o
                0x0000000020005000                _estack = (ORIGIN (RAM) + LENGTH (RAM))
                0x0000000000000100                _Min_Heap_Size = 0x100
                0x0000000000000400                _Min_Stack_Size = 0x400

.isr_vector     0x0000000008000000      0x10c
                0x0000000008000000                . = ALIGN (0x4)
 *(.isr_vector)
 .isr_vector    0x0000000008000000      0x10c ./Core/Startup/startup_stm32f103c8tx.o
                0x0000000008000000                g_pfnVectors
                0x000000000800010c                . = ALIGN (0x4)

.text           0x000000000800010c     0x5388
                0x000000000800010c                . = ALIGN (0x4)
 *(.text)
 .text          0x000000000800010c       0x40 /opt/stm32cubeide/plugins/com.st.stm32cube.ide.mcu.externaltools.gnu-tools-for-stm32.10.3-2021.10.linux64_1.0.100.202210260954/tools/bin/../lib/gcc/arm-none-eabi/10.3.1/thumb/v7-m/nofp/crtbegin.o
 *(.text*)
 .text.MX_ADC1_Init
                0x000000000800014c      0x108 ./Core/Src/adc.o
                0x000000000800014c                MX_ADC1_Init
 .text.HAL_ADC_MspInit
                0x0000000008000254       0xc8 ./Core/Src/adc.o
                0x0000000008000254                HAL_ADC_MspInit
 .text.MX_DMA_Init
                0x000000000800031c       0x30 ./Core/Src/dma.o
                0x000000000800031c                MX_DMA_Init
 .text.MX_GPIO_Init
                0x000000000800034c       0x7c ./Core/Src/gpio.o
                0x000000000800034c                MX_GPIO_Init
 .text.HAL_ADC_ConvCpltCallback
                0x00000000080003c8       0xc8 ./Core/Src/main.o
                0x00000000080003c8                HAL_ADC_ConvCpltCallback
 .text.HAL_TIM_PeriodElapsedCallback
                0x0000000008000490       0xcc ./Core/Src/main.o
                0x0000000008000490                HAL_TIM_PeriodElapsedCallback
 .text.SystemClock_Config
                0x000000000800055c       0x86 ./Core/Src/main.o
                0x000000000800055c                SystemClock_Config
 *fill*         0x00000000080005e2        0x2 
 .text.startup.main
                0x00000000080005e4      0x170 ./Core/Src/main.o
                0x00000000080005e4                main
 .text.Error_Handler
                0x0000000008000754        0x4 ./Core/Src/main.o
                0x0000000008000754                Error_Handler
 .text.HAL_MspInit
                0x0000000008000758       0x30 ./Core/Src/stm32f1xx_hal_msp.o
                0x0000000008000758                HAL_MspInit
 .text.NMI_Handler
                0x0000000008000788        0x2 ./Core/Src/stm32f1xx_it.o
                0x0000000008000788                NMI_Handler
 .text.HardFault_Handler
                0x000000000800078a        0x2 ./Core/Src/stm32f1xx_it.o
                0x000000000800078a                HardFault_Handler
 .text.MemManage_Handler
                0x000000000800078c        0x2 ./Core/Src/stm32f1xx_it.o
                0x000000000800078c                MemManage_Handler
 .text.BusFault_Handler
                0x000000000800078e        0x2 ./Core/Src/stm32f1xx_it.o
                0x000000000800078e                BusFault_Handler
 .text.UsageFault_Handler
                0x0000000008000790        0x2 ./Core/Src/stm32f1xx_it.o
                0x0000000008000790                UsageFault_Handler
 .text.SVC_Handler
                0x0000000008000792        0x2 ./Core/Src/stm32f1xx_it.o
                0x0000000008000792                SVC_Handler
 .text.DebugMon_Handler
                0x0000000008000794        0x2 ./Core/Src/stm32f1xx_it.o
                0x0000000008000794                DebugMon_Handler
 .text.PendSV_Handler
                0x0000000008000796        0x2 ./Core/Src/stm32f1xx_it.o
                0x0000000008000796                PendSV_Handler
 .text.SysTick_Handler
                0x0000000008000798        0x4 ./Core/Src/stm32f1xx_it.o
                0x0000000008000798                SysTick_Handler
 .text.DMA1_Channel1_IRQHandler
                0x000000000800079c        0xc ./Core/Src/stm32f1xx_it.o
                0x000000000800079c                DMA1_Channel1_IRQHandler
 .text.ADC1_2_IRQHandler
                0x00000000080007a8        0xc ./Core/Src/stm32f1xx_it.o
                0x00000000080007a8                ADC1_2_IRQHandler
 .text.USB_HP_CAN1_TX_IRQHandler
                0x00000000080007b4        0xc ./Core/Src/stm32f1xx_it.o
                0x00000000080007b4                USB_HP_CAN1_TX_IRQHandler
 .text.USB_LP_CAN1_RX0_IRQHandler
                0x00000000080007c0        0x4 ./Core/Src/stm32f1xx_it.o
                0x00000000080007c0                USB_LP_CAN1_RX0_IRQHandler
 .text.TIM2_IRQHandler
                0x00000000080007c4        0xc ./Core/Src/stm32f1xx_it.o
                0x00000000080007c4                TIM2_IRQHandler
 .text._sbrk    0x00000000080007d0       0x40 ./Core/Src/sysmem.o
                0x00000000080007d0                _sbrk
 .text.SystemInit
                0x0000000008000810        0x2 ./Core/Src/system_stm32f1xx.o
                0x0000000008000810                SystemInit
 *fill*         0x0000000008000812        0x2 
 .text.MX_TIM2_Init
                0x0000000008000814       0x68 ./Core/Src/tim.o
                0x0000000008000814                MX_TIM2_Init
 .text.HAL_TIM_Base_MspInit
                0x000000000800087c       0x3c ./Core/Src/tim.o
                0x000000000800087c                HAL_TIM_Base_MspInit
 .text.MX_USB_PCD_Init
                0x00000000080008b8       0x30 ./Core/Src/usb.o
                0x00000000080008b8                MX_USB_PCD_Init
 .text.HAL_PCD_MspInit
                0x00000000080008e8       0x50 ./Core/Src/usb.o
                0x00000000080008e8                HAL_PCD_MspInit
 .text.Reset_Handler
                0x0000000008000938       0x48 ./Core/Startup/startup_stm32f103c8tx.o
                0x0000000008000938                Reset_Handler
 .text.Default_Handler
                0x0000000008000980        0x2 ./Core/Startup/startup_stm32f103c8tx.o
                0x0000000008000980                RTC_Alarm_IRQHandler
                0x0000000008000980                EXTI2_IRQHandler
                0x0000000008000980                TIM1_CC_IRQHandler
                0x0000000008000980                PVD_IRQHandler
                0x0000000008000980                EXTI3_IRQHandler
                0x0000000008000980                EXTI0_IRQHandler
                0x0000000008000980                I2C2_EV_IRQHandler
                0x0000000008000980                SPI1_IRQHandler
                0x0000000008000980                TAMPER_IRQHandler
                0x0000000008000980                DMA1_Channel4_IRQHandler
                0x0000000008000980                USART3_IRQHandler
                0x0000000008000980                RTC_IRQHandler
                0x0000000008000980                DMA1_Channel7_IRQHandler
                0x0000000008000980                CAN1_RX1_IRQHandler
                0x0000000008000980                TIM4_IRQHandler
                0x0000000008000980                I2C1_EV_IRQHandler
                0x0000000008000980                DMA1_Channel6_IRQHandler
                0x0000000008000980                TIM3_IRQHandler
                0x0000000008000980                RCC_IRQHandler
                0x0000000008000980                TIM1_TRG_COM_IRQHandler
                0x0000000008000980                Default_Handler
                0x0000000008000980                EXTI15_10_IRQHandler
                0x0000000008000980                EXTI9_5_IRQHandler
                0x0000000008000980                SPI2_IRQHandler
                0x0000000008000980                DMA1_Channel5_IRQHandler
                0x0000000008000980                EXTI4_IRQHandler
                0x0000000008000980                DMA1_Channel3_IRQHandler
                0x0000000008000980                TIM1_UP_IRQHandler
                0x0000000008000980                WWDG_IRQHandler
                0x0000000008000980                TIM1_BRK_IRQHandler
                0x0000000008000980                EXTI1_IRQHandler
                0x0000000008000980                USART2_IRQHandler
                0x0000000008000980                I2C2_ER_IRQHandler
                0x0000000008000980                DMA1_Channel2_IRQHandler
                0x0000000008000980                CAN1_SCE_IRQHandler
                0x0000000008000980                FLASH_IRQHandler
                0x0000000008000980                USART1_IRQHandler
                0x0000000008000980                I2C1_ER_IRQHandler
                0x0000000008000980                USBWakeUp_IRQHandler
 *fill*         0x0000000008000982        0x2 
 .text.HAL_InitTick
                0x0000000008000984       0x48 ./Drivers/STM32F1xx_HAL_Driver/Src/stm32f1xx_hal.o
                0x0000000008000984                HAL_InitTick
 .text.HAL_Init
                0x00000000080009cc       0x24 ./Drivers/STM32F1xx_HAL_Driver/Src/stm32f1xx_hal.o
                0x00000000080009cc                HAL_Init
 .text.HAL_IncTick
                0x00000000080009f0       0x18 ./Drivers/STM32F1xx_HAL_Driver/Src/stm32f1xx_hal.o
                0x00000000080009f0                HAL_IncTick
 .text.HAL_GetTick
                0x0000000008000a08        0xc ./Drivers/STM32F1xx_HAL_Driver/Src/stm32f1xx_hal.o
                0x0000000008000a08                HAL_GetTick
 .text.HAL_Delay
                0x0000000008000a14       0x24 ./Drivers/STM32F1xx_HAL_Driver/Src/stm32f1xx_hal.o
                0x0000000008000a14                HAL_Delay
 .text.ADC_DMAConvCplt
                0x0000000008000a38       0x4e ./Drivers/STM32F1xx_HAL_Driver/Src/stm32f1xx_hal_adc.o
                0x0000000008000a38                ADC_DMAConvCplt
 .text.HAL_ADC_ConvHalfCpltCallback
                0x0000000008000a86        0x2 ./Drivers/STM32F1xx_HAL_Driver/Src/stm32f1xx_hal_adc.o
                0x0000000008000a86                HAL_ADC_ConvHalfCpltCallback
 .text.ADC_DMAHalfConvCplt
                0x0000000008000a88        0xa ./Drivers/STM32F1xx_HAL_Driver/Src/stm32f1xx_hal_adc.o
                0x0000000008000a88                ADC_DMAHalfConvCplt
 .text.HAL_ADC_LevelOutOfWindowCallback
                0x0000000008000a92        0x2 ./Drivers/STM32F1xx_HAL_Driver/Src/stm32f1xx_hal_adc.o
                0x0000000008000a92                HAL_ADC_LevelOutOfWindowCallback
 .text.HAL_ADC_IRQHandler
                0x0000000008000a94       0xec ./Drivers/STM32F1xx_HAL_Driver/Src/stm32f1xx_hal_adc.o
                0x0000000008000a94                HAL_ADC_IRQHandler
 .text.HAL_ADC_ErrorCallback
                0x0000000008000b80        0x2 ./Drivers/STM32F1xx_HAL_Driver/Src/stm32f1xx_hal_adc.o
                0x0000000008000b80                HAL_ADC_ErrorCallback
 .text.ADC_DMAError
                0x0000000008000b82       0x1a ./Drivers/STM32F1xx_HAL_Driver/Src/stm32f1xx_hal_adc.o
                0x0000000008000b82                ADC_DMAError
 .text.HAL_ADC_ConfigChannel
                0x0000000008000b9c       0xfc ./Drivers/STM32F1xx_HAL_Driver/Src/stm32f1xx_hal_adc.o
                0x0000000008000b9c                HAL_ADC_ConfigChannel
 .text.ADC_Enable
                0x0000000008000c98       0x78 ./Drivers/STM32F1xx_HAL_Driver/Src/stm32f1xx_hal_adc.o
                0x0000000008000c98                ADC_Enable
 .text.HAL_ADC_Start_DMA
                0x0000000008000d10      0x11c ./Drivers/STM32F1xx_HAL_Driver/Src/stm32f1xx_hal_adc.o
                0x0000000008000d10                HAL_ADC_Start_DMA
 .text.ADC_ConversionStop_Disable
                0x0000000008000e2c       0x4c ./Drivers/STM32F1xx_HAL_Driver/Src/stm32f1xx_hal_adc.o
                0x0000000008000e2c                ADC_ConversionStop_Disable
 .text.HAL_ADC_Init
                0x0000000008000e78       0xfc ./Drivers/STM32F1xx_HAL_Driver/Src/stm32f1xx_hal_adc.o
                0x0000000008000e78                HAL_ADC_Init
 .text.HAL_ADC_Stop_DMA
                0x0000000008000f74       0x56 ./Drivers/STM32F1xx_HAL_Driver/Src/stm32f1xx_hal_adc.o
                0x0000000008000f74                HAL_ADC_Stop_DMA
 .text.HAL_ADCEx_InjectedConvCpltCallback
                0x0000000008000fca        0x2 ./Drivers/STM32F1xx_HAL_Driver/Src/stm32f1xx_hal_adc_ex.o
                0x0000000008000fca                HAL_ADCEx_InjectedConvCpltCallback
 .text.HAL_NVIC_SetPriorityGrouping
                0x0000000008000fcc       0x24 ./Drivers/STM32F1xx_HAL_Driver/Src/stm32f1xx_hal_cortex.o
                0x0000000008000fcc                HAL_NVIC_SetPriorityGrouping
 .text.HAL_NVIC_SetPriority
                0x0000000008000ff0       0x64 ./Drivers/STM32F1xx_HAL_Driver/Src/stm32f1xx_hal_cortex.o
                0x0000000008000ff0                HAL_NVIC_SetPriority
 .text.HAL_NVIC_EnableIRQ
                0x0000000008001054       0x1c ./Drivers/STM32F1xx_HAL_Driver/Src/stm32f1xx_hal_cortex.o
                0x0000000008001054                HAL_NVIC_EnableIRQ
 .text.HAL_SYSTICK_Config
                0x0000000008001070       0x28 ./Drivers/STM32F1xx_HAL_Driver/Src/stm32f1xx_hal_cortex.o
                0x0000000008001070                HAL_SYSTICK_Config
 .text.HAL_DMA_Init
                0x0000000008001098       0x5c ./Drivers/STM32F1xx_HAL_Driver/Src/stm32f1xx_hal_dma.o
                0x0000000008001098                HAL_DMA_Init
 .text.HAL_DMA_Start_IT
                0x00000000080010f4       0x78 ./Drivers/STM32F1xx_HAL_Driver/Src/stm32f1xx_hal_dma.o
                0x00000000080010f4                HAL_DMA_Start_IT
 .text.HAL_DMA_Abort
                0x000000000800116c       0x3c ./Drivers/STM32F1xx_HAL_Driver/Src/stm32f1xx_hal_dma.o
                0x000000000800116c                HAL_DMA_Abort
 .text.HAL_DMA_IRQHandler
                0x00000000080011a8      0x124 ./Drivers/STM32F1xx_HAL_Driver/Src/stm32f1xx_hal_dma.o
                0x00000000080011a8                HAL_DMA_IRQHandler
 .text.HAL_GPIO_Init
                0x00000000080012cc      0x1b4 ./Drivers/STM32F1xx_HAL_Driver/Src/stm32f1xx_hal_gpio.o
                0x00000000080012cc                HAL_GPIO_Init
 .text.HAL_GPIO_WritePin
                0x0000000008001480        0xa ./Drivers/STM32F1xx_HAL_Driver/Src/stm32f1xx_hal_gpio.o
                0x0000000008001480                HAL_GPIO_WritePin
 .text.HAL_PCD_Init
                0x000000000800148a       0xf2 ./Drivers/STM32F1xx_HAL_Driver/Src/stm32f1xx_hal_pcd.o
                0x000000000800148a                HAL_PCD_Init
 .text.HAL_PCD_Start
                0x000000000800157c       0x32 ./Drivers/STM32F1xx_HAL_Driver/Src/stm32f1xx_hal_pcd.o
                0x000000000800157c                HAL_PCD_Start
 .text.HAL_PCD_SetAddress
                0x00000000080015ae       0x28 ./Drivers/STM32F1xx_HAL_Driver/Src/stm32f1xx_hal_pcd.o
                0x00000000080015ae                HAL_PCD_SetAddress
 *fill*         0x00000000080015d6        0x2 
 .text.HAL_PCD_IRQHandler
                0x00000000080015d8      0x968 ./Drivers/STM32F1xx_HAL_Driver/Src/stm32f1xx_hal_pcd.o
                0x00000000080015d8                HAL_PCD_IRQHandler
 .text.HAL_PCD_EP_Open
                0x0000000008001f40       0x62 ./Drivers/STM32F1xx_HAL_Driver/Src/stm32f1xx_hal_pcd.o
                0x0000000008001f40                HAL_PCD_EP_Open
 .text.HAL_PCD_EP_Close
                0x0000000008001fa2       0x50 ./Drivers/STM32F1xx_HAL_Driver/Src/stm32f1xx_hal_pcd.o
                0x0000000008001fa2                HAL_PCD_EP_Close
 .text.HAL_PCD_EP_Receive
                0x0000000008001ff2       0x2e ./Drivers/STM32F1xx_HAL_Driver/Src/stm32f1xx_hal_pcd.o
                0x0000000008001ff2                HAL_PCD_EP_Receive
 .text.HAL_PCD_EP_GetRxCount
                0x0000000008002020       0x10 ./Drivers/STM32F1xx_HAL_Driver/Src/stm32f1xx_hal_pcd.o
                0x0000000008002020                HAL_PCD_EP_GetRxCount
 .text.HAL_PCD_EP_Transmit
                0x0000000008002030       0x34 ./Drivers/STM32F1xx_HAL_Driver/Src/stm32f1xx_hal_pcd.o
                0x0000000008002030                HAL_PCD_EP_Transmit
 .text.HAL_PCD_EP_SetStall
                0x0000000008002064       0x68 ./Drivers/STM32F1xx_HAL_Driver/Src/stm32f1xx_hal_pcd.o
                0x0000000008002064                HAL_PCD_EP_SetStall
 .text.HAL_PCD_EP_ClrStall
                0x00000000080020cc       0x62 ./Drivers/STM32F1xx_HAL_Driver/Src/stm32f1xx_hal_pcd.o
                0x00000000080020cc                HAL_PCD_EP_ClrStall
 .text.HAL_PCDEx_PMAConfig
                0x000000000800212e       0x32 ./Drivers/STM32F1xx_HAL_Driver/Src/stm32f1xx_hal_pcd_ex.o
                0x000000000800212e                HAL_PCDEx_PMAConfig
 .text.HAL_PCDEx_SetConnectionState
                0x0000000008002160        0x2 ./Drivers/STM32F1xx_HAL_Driver/Src/stm32f1xx_hal_pcd_ex.o
                0x0000000008002160                HAL_PCDEx_SetConnectionState
 *fill*         0x0000000008002162        0x2 
 .text.HAL_RCC_OscConfig
                0x0000000008002164      0x338 ./Drivers/STM32F1xx_HAL_Driver/Src/stm32f1xx_hal_rcc.o
                0x0000000008002164                HAL_RCC_OscConfig
 .text.HAL_RCC_GetSysClockFreq
                0x000000000800249c       0x74 ./Drivers/STM32F1xx_HAL_Driver/Src/stm32f1xx_hal_rcc.o
                0x000000000800249c                HAL_RCC_GetSysClockFreq
 .text.HAL_RCC_ClockConfig
                0x0000000008002510      0x138 ./Drivers/STM32F1xx_HAL_Driver/Src/stm32f1xx_hal_rcc.o
                0x0000000008002510                HAL_RCC_ClockConfig
 .text.HAL_RCCEx_PeriphCLKConfig
                0x0000000008002648       0xf4 ./Drivers/STM32F1xx_HAL_Driver/Src/stm32f1xx_hal_rcc_ex.o
                0x0000000008002648                HAL_RCCEx_PeriphCLKConfig
 .text.HAL_TIM_Base_Start_IT
                0x000000000800273c       0x54 ./Drivers/STM32F1xx_HAL_Driver/Src/stm32f1xx_hal_tim.o
                0x000000000800273c                HAL_TIM_Base_Start_IT
 .text.HAL_TIM_OC_DelayElapsedCallback
                0x0000000008002790        0x2 ./Drivers/STM32F1xx_HAL_Driver/Src/stm32f1xx_hal_tim.o
                0x0000000008002790                HAL_TIM_OC_DelayElapsedCallback
 .text.HAL_TIM_IC_CaptureCallback
                0x0000000008002792        0x2 ./Drivers/STM32F1xx_HAL_Driver/Src/stm32f1xx_hal_tim.o
                0x0000000008002792                HAL_TIM_IC_CaptureCallback
 .text.HAL_TIM_PWM_PulseFinishedCallback
                0x0000000008002794        0x2 ./Drivers/STM32F1xx_HAL_Driver/Src/stm32f1xx_hal_tim.o
                0x0000000008002794                HAL_TIM_PWM_PulseFinishedCallback
 .text.HAL_TIM_TriggerCallback
                0x0000000008002796        0x2 ./Drivers/STM32F1xx_HAL_Driver/Src/stm32f1xx_hal_tim.o
                0x0000000008002796                HAL_TIM_TriggerCallback
 .text.HAL_TIM_IRQHandler
                0x0000000008002798      0x144 ./Drivers/STM32F1xx_HAL_Driver/Src/stm32f1xx_hal_tim.o
                0x0000000008002798                HAL_TIM_IRQHandler
 .text.TIM_Base_SetConfig
                0x00000000080028dc       0x70 ./Drivers/STM32F1xx_HAL_Driver/Src/stm32f1xx_hal_tim.o
                0x00000000080028dc                TIM_Base_SetConfig
 .text.HAL_TIM_Base_Init
                0x000000000800294c       0x58 ./Drivers/STM32F1xx_HAL_Driver/Src/stm32f1xx_hal_tim.o
                0x000000000800294c                HAL_TIM_Base_Init
 .text.TIM_ETR_SetConfig
                0x00000000080029a4       0x14 ./Drivers/STM32F1xx_HAL_Driver/Src/stm32f1xx_hal_tim.o
                0x00000000080029a4                TIM_ETR_SetConfig
 .text.HAL_TIM_ConfigClockSource
                0x00000000080029b8      0x128 ./Drivers/STM32F1xx_HAL_Driver/Src/stm32f1xx_hal_tim.o
                0x00000000080029b8                HAL_TIM_ConfigClockSource
 .text.HAL_TIMEx_MasterConfigSynchronization
                0x0000000008002ae0       0x5c ./Drivers/STM32F1xx_HAL_Driver/Src/stm32f1xx_hal_tim_ex.o
                0x0000000008002ae0                HAL_TIMEx_MasterConfigSynchronization
 .text.HAL_TIMEx_CommutCallback
                0x0000000008002b3c        0x2 ./Drivers/STM32F1xx_HAL_Driver/Src/stm32f1xx_hal_tim_ex.o
                0x0000000008002b3c                HAL_TIMEx_CommutCallback
 .text.HAL_TIMEx_BreakCallback
                0x0000000008002b3e        0x2 ./Drivers/STM32F1xx_HAL_Driver/Src/stm32f1xx_hal_tim_ex.o
                0x0000000008002b3e                HAL_TIMEx_BreakCallback
 .text.USB_CoreInit
                0x0000000008002b40        0xe ./Drivers/STM32F1xx_HAL_Driver/Src/stm32f1xx_ll_usb.o
                0x0000000008002b40                USB_CoreInit
 .text.USB_EnableGlobalInt
                0x0000000008002b4e       0x12 ./Drivers/STM32F1xx_HAL_Driver/Src/stm32f1xx_ll_usb.o
                0x0000000008002b4e                USB_EnableGlobalInt
 .text.USB_DisableGlobalInt
                0x0000000008002b60       0x14 ./Drivers/STM32F1xx_HAL_Driver/Src/stm32f1xx_ll_usb.o
                0x0000000008002b60                USB_DisableGlobalInt
 .text.USB_SetCurrentMode
                0x0000000008002b74        0x4 ./Drivers/STM32F1xx_HAL_Driver/Src/stm32f1xx_ll_usb.o
                0x0000000008002b74                USB_SetCurrentMode
 .text.USB_DevInit
                0x0000000008002b78       0x28 ./Drivers/STM32F1xx_HAL_Driver/Src/stm32f1xx_ll_usb.o
                0x0000000008002b78                USB_DevInit
 .text.USB_ActivateEndpoint
                0x0000000008002ba0      0x278 ./Drivers/STM32F1xx_HAL_Driver/Src/stm32f1xx_ll_usb.o
                0x0000000008002ba0                USB_ActivateEndpoint
 .text.USB_DeactivateEndpoint
                0x0000000008002e18      0x1a2 ./Drivers/STM32F1xx_HAL_Driver/Src/stm32f1xx_ll_usb.o
                0x0000000008002e18                USB_DeactivateEndpoint
 .text.USB_EPSetStall
                0x0000000008002fba       0x40 ./Drivers/STM32F1xx_HAL_Driver/Src/stm32f1xx_ll_usb.o
                0x0000000008002fba                USB_EPSetStall
 .text.USB_EPClearStall
                0x0000000008002ffa       0x92 ./Drivers/STM32F1xx_HAL_Driver/Src/stm32f1xx_ll_usb.o
                0x0000000008002ffa                USB_EPClearStall
 .text.USB_SetDevAddress
                0x000000000800308c        0xc ./Drivers/STM32F1xx_HAL_Driver/Src/stm32f1xx_ll_usb.o
                0x000000000800308c                USB_SetDevAddress
 .text.USB_DevConnect
                0x0000000008003098        0x4 ./Drivers/STM32F1xx_HAL_Driver/Src/stm32f1xx_ll_usb.o
                0x0000000008003098                USB_DevConnect
 .text.USB_DevDisconnect
                0x000000000800309c        0x4 ./Drivers/STM32F1xx_HAL_Driver/Src/stm32f1xx_ll_usb.o
                0x000000000800309c                USB_DevDisconnect
 .text.USB_ReadInterrupts
                0x00000000080030a0        0x8 ./Drivers/STM32F1xx_HAL_Driver/Src/stm32f1xx_ll_usb.o
                0x00000000080030a0                USB_ReadInterrupts
 .text.USB_EP0_OutStart
                0x00000000080030a8        0x4 ./Drivers/STM32F1xx_HAL_Driver/Src/stm32f1xx_ll_usb.o
                0x00000000080030a8                USB_EP0_OutStart
 .text.USB_WritePMA
                0x00000000080030ac       0x20 ./Drivers/STM32F1xx_HAL_Driver/Src/stm32f1xx_ll_usb.o
                0x00000000080030ac                USB_WritePMA
 .text.USB_EPStartXfer
                0x00000000080030cc      0x51c ./Drivers/STM32F1xx_HAL_Driver/Src/stm32f1xx_ll_usb.o
                0x00000000080030cc                USB_EPStartXfer
 .text.USB_ReadPMA
                0x00000000080035e8       0x38 ./Drivers/STM32F1xx_HAL_Driver/Src/stm32f1xx_ll_usb.o
                0x00000000080035e8                USB_ReadPMA
 .text.MX_USB_DEVICE_Init
                0x0000000008003620       0x54 ./Middlewares/Third_Party/AL94_USB_Composite/COMPOSITE/App/usb_device.o
                0x0000000008003620                MX_USB_DEVICE_Init
 .text.CDC_DeInit
                0x0000000008003674        0x4 ./Middlewares/Third_Party/AL94_USB_Composite/COMPOSITE/App/usbd_cdc_acm_if.o
 .text.CDC_Control
                0x0000000008003678       0x5c ./Middlewares/Third_Party/AL94_USB_Composite/COMPOSITE/App/usbd_cdc_acm_if.o
 .text.CDC_TransmitCplt
                0x00000000080036d4        0x4 ./Middlewares/Third_Party/AL94_USB_Composite/COMPOSITE/App/usbd_cdc_acm_if.o
 .text.CDC_Init
                0x00000000080036d8       0x1c ./Middlewares/Third_Party/AL94_USB_Composite/COMPOSITE/App/usbd_cdc_acm_if.o
 .text.CDC_Transmit
                0x00000000080036f4       0x38 ./Middlewares/Third_Party/AL94_USB_Composite/COMPOSITE/App/usbd_cdc_acm_if.o
                0x00000000080036f4                CDC_Transmit
 .text.CDC_Receive
                0x000000000800372c       0x28 ./Middlewares/Third_Party/AL94_USB_Composite/COMPOSITE/App/usbd_cdc_acm_if.o
 .text.USBD_DeviceDescriptor
                0x0000000008003754        0xc ./Middlewares/Third_Party/AL94_USB_Composite/COMPOSITE/App/usbd_desc.o
                0x0000000008003754                USBD_DeviceDescriptor
 .text.USBD_LangIDStrDescriptor
                0x0000000008003760        0xc ./Middlewares/Third_Party/AL94_USB_Composite/COMPOSITE/App/usbd_desc.o
                0x0000000008003760                USBD_LangIDStrDescriptor
 .text.IntToUnicode
                0x000000000800376c       0x2a ./Middlewares/Third_Party/AL94_USB_Composite/COMPOSITE/App/usbd_desc.o
 *fill*         0x0000000008003796        0x2 
 .text.USBD_SerialStrDescriptor
                0x0000000008003798       0x3c ./Middlewares/Third_Party/AL94_USB_Composite/COMPOSITE/App/usbd_desc.o
                0x0000000008003798                USBD_SerialStrDescriptor
 .text.USBD_ManufacturerStrDescriptor
                0x00000000080037d4       0x1c ./Middlewares/Third_Party/AL94_USB_Composite/COMPOSITE/App/usbd_desc.o
                0x00000000080037d4                USBD_ManufacturerStrDescriptor
 .text.USBD_ProductStrDescriptor
                0x00000000080037f0       0x1c ./Middlewares/Third_Party/AL94_USB_Composite/COMPOSITE/App/usbd_desc.o
                0x00000000080037f0                USBD_ProductStrDescriptor
 .text.USBD_ConfigStrDescriptor
                0x000000000800380c       0x1c ./Middlewares/Third_Party/AL94_USB_Composite/COMPOSITE/App/usbd_desc.o
                0x000000000800380c                USBD_ConfigStrDescriptor
 .text.USBD_InterfaceStrDescriptor
                0x0000000008003828       0x1c ./Middlewares/Third_Party/AL94_USB_Composite/COMPOSITE/App/usbd_desc.o
                0x0000000008003828                USBD_InterfaceStrDescriptor
 .text.USBD_CDC_EP0_RxReady
                0x0000000008003844       0x2c ./Middlewares/Third_Party/AL94_USB_Composite/COMPOSITE/Class/CDC_ACM/Src/usbd_cdc_acm.o
 .text.USBD_CDC_GetFSCfgDesc
                0x0000000008003870        0xc ./Middlewares/Third_Party/AL94_USB_Composite/COMPOSITE/Class/CDC_ACM/Src/usbd_cdc_acm.o
 .text.USBD_CDC_GetHSCfgDesc
                0x000000000800387c        0xc ./Middlewares/Third_Party/AL94_USB_Composite/COMPOSITE/Class/CDC_ACM/Src/usbd_cdc_acm.o
 .text.USBD_CDC_GetDeviceQualifierDescriptor
                0x0000000008003888        0xc ./Middlewares/Third_Party/AL94_USB_Composite/COMPOSITE/Class/CDC_ACM/Src/usbd_cdc_acm.o
 .text.USBD_CDC_DataOut
                0x0000000008003894       0x28 ./Middlewares/Third_Party/AL94_USB_Composite/COMPOSITE/Class/CDC_ACM/Src/usbd_cdc_acm.o
 .text.USBD_CDC_DataIn
                0x00000000080038bc       0x54 ./Middlewares/Third_Party/AL94_USB_Composite/COMPOSITE/Class/CDC_ACM/Src/usbd_cdc_acm.o
 .text.USBD_CDC_Setup
                0x0000000008003910       0xf0 ./Middlewares/Third_Party/AL94_USB_Composite/COMPOSITE/Class/CDC_ACM/Src/usbd_cdc_acm.o
 .text.USBD_CDC_DeInit
                0x0000000008003a00       0x64 ./Middlewares/Third_Party/AL94_USB_Composite/COMPOSITE/Class/CDC_ACM/Src/usbd_cdc_acm.o
 .text.USBD_CDC_Init
                0x0000000008003a64       0xdc ./Middlewares/Third_Party/AL94_USB_Composite/COMPOSITE/Class/CDC_ACM/Src/usbd_cdc_acm.o
 .text.USBD_CDC_GetOtherSpeedCfgDesc
                0x0000000008003b40        0xc ./Middlewares/Third_Party/AL94_USB_Composite/COMPOSITE/Class/CDC_ACM/Src/usbd_cdc_acm.o
 .text.USBD_CDC_ACM_RegisterInterface
                0x0000000008003b4c        0xe ./Middlewares/Third_Party/AL94_USB_Composite/COMPOSITE/Class/CDC_ACM/Src/usbd_cdc_acm.o
                0x0000000008003b4c                USBD_CDC_ACM_RegisterInterface
 *fill*         0x0000000008003b5a        0x2 
 .text.USBD_CDC_SetTxBuffer
                0x0000000008003b5c       0x1c ./Middlewares/Third_Party/AL94_USB_Composite/COMPOSITE/Class/CDC_ACM/Src/usbd_cdc_acm.o
                0x0000000008003b5c                USBD_CDC_SetTxBuffer
 .text.USBD_CDC_SetRxBuffer
                0x0000000008003b78       0x18 ./Middlewares/Third_Party/AL94_USB_Composite/COMPOSITE/Class/CDC_ACM/Src/usbd_cdc_acm.o
                0x0000000008003b78                USBD_CDC_SetRxBuffer
 .text.USBD_CDC_TransmitPacket
                0x0000000008003b90       0x48 ./Middlewares/Third_Party/AL94_USB_Composite/COMPOSITE/Class/CDC_ACM/Src/usbd_cdc_acm.o
                0x0000000008003b90                USBD_CDC_TransmitPacket
 .text.USBD_CDC_ReceivePacket
                0x0000000008003bd8       0x34 ./Middlewares/Third_Party/AL94_USB_Composite/COMPOSITE/Class/CDC_ACM/Src/usbd_cdc_acm.o
                0x0000000008003bd8                USBD_CDC_ReceivePacket
 .text.USBD_Update_CDC_ACM_DESC
                0x0000000008003c0c       0x64 ./Middlewares/Third_Party/AL94_USB_Composite/COMPOSITE/Class/CDC_ACM/Src/usbd_cdc_acm.o
                0x0000000008003c0c                USBD_Update_CDC_ACM_DESC
 .text.USBD_COMPOSITE_Init
                0x0000000008003c70       0x24 ./Middlewares/Third_Party/AL94_USB_Composite/COMPOSITE/Class/COMPOSITE/Src/usbd_composite.o
 .text.USBD_COMPOSITE_DeInit
                0x0000000008003c94       0x24 ./Middlewares/Third_Party/AL94_USB_Composite/COMPOSITE/Class/COMPOSITE/Src/usbd_composite.o
 .text.USBD_COMPOSITE_EP0_RxReady
                0x0000000008003cb8       0x10 ./Middlewares/Third_Party/AL94_USB_Composite/COMPOSITE/Class/COMPOSITE/Src/usbd_composite.o
 .text.USBD_COMPOSITE_EP0_TxReady
                0x0000000008003cc8        0x4 ./Middlewares/Third_Party/AL94_USB_Composite/COMPOSITE/Class/COMPOSITE/Src/usbd_composite.o
 .text.USBD_COMPOSITE_IsoINIncomplete
                0x0000000008003ccc        0x4 ./Middlewares/Third_Party/AL94_USB_Composite/COMPOSITE/Class/COMPOSITE/Src/usbd_composite.o
 .text.USBD_COMPOSITE_GetHSCfgDesc
                0x0000000008003cd0        0xc ./Middlewares/Third_Party/AL94_USB_Composite/COMPOSITE/Class/COMPOSITE/Src/usbd_composite.o
 .text.USBD_COMPOSITE_GetFSCfgDesc
                0x0000000008003cdc        0xc ./Middlewares/Third_Party/AL94_USB_Composite/COMPOSITE/Class/COMPOSITE/Src/usbd_composite.o
 .text.USBD_COMPOSITE_GetDeviceQualifierDesc
                0x0000000008003ce8        0xc ./Middlewares/Third_Party/AL94_USB_Composite/COMPOSITE/Class/COMPOSITE/Src/usbd_composite.o
 .text.USBD_COMPOSITE_GetUsrStringDesc
                0x0000000008003cf4       0x6c ./Middlewares/Third_Party/AL94_USB_Composite/COMPOSITE/Class/COMPOSITE/Src/usbd_composite.o
 .text.USBD_COMPOSITE_Setup
                0x0000000008003d60       0x50 ./Middlewares/Third_Party/AL94_USB_Composite/COMPOSITE/Class/COMPOSITE/Src/usbd_composite.o
 .text.USBD_COMPOSITE_DataIn
                0x0000000008003db0       0x58 ./Middlewares/Third_Party/AL94_USB_Composite/COMPOSITE/Class/COMPOSITE/Src/usbd_composite.o
 .text.USBD_COMPOSITE_DataOut
                0x0000000008003e08       0x1c ./Middlewares/Third_Party/AL94_USB_Composite/COMPOSITE/Class/COMPOSITE/Src/usbd_composite.o
 .text.USBD_COMPOSITE_IsoOutIncomplete
                0x0000000008003e24        0x4 ./Middlewares/Third_Party/AL94_USB_Composite/COMPOSITE/Class/COMPOSITE/Src/usbd_composite.o
 .text.USBD_COMPOSITE_SOF
                0x0000000008003e28        0x4 ./Middlewares/Third_Party/AL94_USB_Composite/COMPOSITE/Class/COMPOSITE/Src/usbd_composite.o
 .text.USBD_COMPOSITE_GetOtherSpeedCfgDesc
                0x0000000008003e2c        0xc ./Middlewares/Third_Party/AL94_USB_Composite/COMPOSITE/Class/COMPOSITE/Src/usbd_composite.o
 .text.USBD_COMPOSITE_Mount_Class
                0x0000000008003e38      0x12c ./Middlewares/Third_Party/AL94_USB_Composite/COMPOSITE/Class/COMPOSITE/Src/usbd_composite.o
                0x0000000008003e38                USBD_COMPOSITE_Mount_Class
 .text.USBD_HID_GetFSCfgDesc
                0x0000000008003f64        0xc ./Middlewares/Third_Party/AL94_USB_Composite/COMPOSITE/Class/HID_KEYBOARD/Src/usbd_hid_keyboard.o
 .text.USBD_HID_GetHSCfgDesc
                0x0000000008003f70        0xc ./Middlewares/Third_Party/AL94_USB_Composite/COMPOSITE/Class/HID_KEYBOARD/Src/usbd_hid_keyboard.o
 .text.USBD_HID_DataIn
                0x0000000008003f7c        0xa ./Middlewares/Third_Party/AL94_USB_Composite/COMPOSITE/Class/HID_KEYBOARD/Src/usbd_hid_keyboard.o
 *fill*         0x0000000008003f86        0x2 
 .text.USBD_HID_GetDeviceQualifierDesc
                0x0000000008003f88        0xc ./Middlewares/Third_Party/AL94_USB_Composite/COMPOSITE/Class/HID_KEYBOARD/Src/usbd_hid_keyboard.o
 .text.USBD_HID_Setup
                0x0000000008003f94      0x100 ./Middlewares/Third_Party/AL94_USB_Composite/COMPOSITE/Class/HID_KEYBOARD/Src/usbd_hid_keyboard.o
 .text.USBD_HID_DeInit
                0x0000000008004094       0x30 ./Middlewares/Third_Party/AL94_USB_Composite/COMPOSITE/Class/HID_KEYBOARD/Src/usbd_hid_keyboard.o
 .text.USBD_HID_Init
                0x00000000080040c4       0x4c ./Middlewares/Third_Party/AL94_USB_Composite/COMPOSITE/Class/HID_KEYBOARD/Src/usbd_hid_keyboard.o
 .text.USBD_HID_GetOtherSpeedCfgDesc
                0x0000000008004110        0xc ./Middlewares/Third_Party/AL94_USB_Composite/COMPOSITE/Class/HID_KEYBOARD/Src/usbd_hid_keyboard.o
 .text.USBD_HID_Keybaord_SendReport
                0x000000000800411c       0x34 ./Middlewares/Third_Party/AL94_USB_Composite/COMPOSITE/Class/HID_KEYBOARD/Src/usbd_hid_keyboard.o
                0x000000000800411c                USBD_HID_Keybaord_SendReport
 .text.USBD_Update_HID_KBD_DESC
                0x0000000008004150       0x20 ./Middlewares/Third_Party/AL94_USB_Composite/COMPOSITE/Class/HID_KEYBOARD/Src/usbd_hid_keyboard.o
                0x0000000008004150                USBD_Update_HID_KBD_DESC
 .text.USBD_Init
                0x0000000008004170       0x22 ./Middlewares/Third_Party/AL94_USB_Composite/COMPOSITE/Core/Src/usbd_core.o
                0x0000000008004170                USBD_Init
 .text.USBD_RegisterClass
                0x0000000008004192       0x40 ./Middlewares/Third_Party/AL94_USB_Composite/COMPOSITE/Core/Src/usbd_core.o
                0x0000000008004192                USBD_RegisterClass
 .text.USBD_Start
                0x00000000080041d2        0x4 ./Middlewares/Third_Party/AL94_USB_Composite/COMPOSITE/Core/Src/usbd_core.o
                0x00000000080041d2                USBD_Start
 .text.USBD_SetClassConfig
                0x00000000080041d6        0xe ./Middlewares/Third_Party/AL94_USB_Composite/COMPOSITE/Core/Src/usbd_core.o
                0x00000000080041d6                USBD_SetClassConfig
 .text.USBD_ClrClassConfig
                0x00000000080041e4       0x10 ./Middlewares/Third_Party/AL94_USB_Composite/COMPOSITE/Core/Src/usbd_core.o
                0x00000000080041e4                USBD_ClrClassConfig
 .text.USBD_LL_SetupStage
                0x00000000080041f4       0x60 ./Middlewares/Third_Party/AL94_USB_Composite/COMPOSITE/Core/Src/usbd_core.o
                0x00000000080041f4                USBD_LL_SetupStage
 .text.USBD_LL_DataOutStage
                0x0000000008004254       0x60 ./Middlewares/Third_Party/AL94_USB_Composite/COMPOSITE/Core/Src/usbd_core.o
                0x0000000008004254                USBD_LL_DataOutStage
 .text.USBD_LL_DataInStage
                0x00000000080042b4       0x9a ./Middlewares/Third_Party/AL94_USB_Composite/COMPOSITE/Core/Src/usbd_core.o
                0x00000000080042b4                USBD_LL_DataInStage
 .text.USBD_LL_Reset
                0x000000000800434e       0x52 ./Middlewares/Third_Party/AL94_USB_Composite/COMPOSITE/Core/Src/usbd_core.o
                0x000000000800434e                USBD_LL_Reset
 .text.USBD_LL_SetSpeed
                0x00000000080043a0        0x6 ./Middlewares/Third_Party/AL94_USB_Composite/COMPOSITE/Core/Src/usbd_core.o
                0x00000000080043a0                USBD_LL_SetSpeed
 .text.USBD_LL_Suspend
                0x00000000080043a6       0x14 ./Middlewares/Third_Party/AL94_USB_Composite/COMPOSITE/Core/Src/usbd_core.o
                0x00000000080043a6                USBD_LL_Suspend
 .text.USBD_LL_Resume
                0x00000000080043ba       0x16 ./Middlewares/Third_Party/AL94_USB_Composite/COMPOSITE/Core/Src/usbd_core.o
                0x00000000080043ba                USBD_LL_Resume
 .text.USBD_LL_SOF
                0x00000000080043d0       0x22 ./Middlewares/Third_Party/AL94_USB_Composite/COMPOSITE/Core/Src/usbd_core.o
                0x00000000080043d0                USBD_LL_SOF
 .text.USBD_CtlError.constprop.0
                0x00000000080043f2       0x16 ./Middlewares/Third_Party/AL94_USB_Composite/COMPOSITE/Core/Src/usbd_ctlreq.o
 .text.USBD_StdDevReq
                0x0000000008004408      0x298 ./Middlewares/Third_Party/AL94_USB_Composite/COMPOSITE/Core/Src/usbd_ctlreq.o
                0x0000000008004408                USBD_StdDevReq
 .text.USBD_StdItfReq
                0x00000000080046a0       0x4c ./Middlewares/Third_Party/AL94_USB_Composite/COMPOSITE/Core/Src/usbd_ctlreq.o
                0x00000000080046a0                USBD_StdItfReq
 .text.USBD_StdEPReq
                0x00000000080046ec      0x122 ./Middlewares/Third_Party/AL94_USB_Composite/COMPOSITE/Core/Src/usbd_ctlreq.o
                0x00000000080046ec                USBD_StdEPReq
 .text.USBD_ParseSetupRequest
                0x000000000800480e       0x16 ./Middlewares/Third_Party/AL94_USB_Composite/COMPOSITE/Core/Src/usbd_ctlreq.o
                0x000000000800480e                USBD_ParseSetupRequest
 .text.USBD_CtlError
                0x0000000008004824       0x16 ./Middlewares/Third_Party/AL94_USB_Composite/COMPOSITE/Core/Src/usbd_ctlreq.o
                0x0000000008004824                USBD_CtlError
 .text.USBD_GetString
                0x000000000800483a       0x38 ./Middlewares/Third_Party/AL94_USB_Composite/COMPOSITE/Core/Src/usbd_ctlreq.o
                0x000000000800483a                USBD_GetString
 .text.USBD_CtlSendData
                0x0000000008004872       0x1a ./Middlewares/Third_Party/AL94_USB_Composite/COMPOSITE/Core/Src/usbd_ioreq.o
                0x0000000008004872                USBD_CtlSendData
 .text.USBD_CtlContinueSendData
                0x000000000800488c       0x10 ./Middlewares/Third_Party/AL94_USB_Composite/COMPOSITE/Core/Src/usbd_ioreq.o
                0x000000000800488c                USBD_CtlContinueSendData
 .text.USBD_CtlPrepareRx
                0x000000000800489c       0x1a ./Middlewares/Third_Party/AL94_USB_Composite/COMPOSITE/Core/Src/usbd_ioreq.o
                0x000000000800489c                USBD_CtlPrepareRx
 .text.USBD_CtlContinueRx
                0x00000000080048b6       0x10 ./Middlewares/Third_Party/AL94_USB_Composite/COMPOSITE/Core/Src/usbd_ioreq.o
                0x00000000080048b6                USBD_CtlContinueRx
 .text.USBD_CtlSendStatus
                0x00000000080048c6       0x16 ./Middlewares/Third_Party/AL94_USB_Composite/COMPOSITE/Core/Src/usbd_ioreq.o
                0x00000000080048c6                USBD_CtlSendStatus
 .text.USBD_CtlReceiveStatus
                0x00000000080048dc       0x16 ./Middlewares/Third_Party/AL94_USB_Composite/COMPOSITE/Core/Src/usbd_ioreq.o
                0x00000000080048dc                USBD_CtlReceiveStatus
 .text.HAL_PCD_SetupStageCallback
                0x00000000080048f2        0xc ./Middlewares/Third_Party/AL94_USB_Composite/COMPOSITE/Target/usbd_conf.o
                0x00000000080048f2                HAL_PCD_SetupStageCallback
 .text.HAL_PCD_DataOutStageCallback
                0x00000000080048fe       0x12 ./Middlewares/Third_Party/AL94_USB_Composite/COMPOSITE/Target/usbd_conf.o
                0x00000000080048fe                HAL_PCD_DataOutStageCallback
 .text.HAL_PCD_DataInStageCallback
                0x0000000008004910       0x10 ./Middlewares/Third_Party/AL94_USB_Composite/COMPOSITE/Target/usbd_conf.o
                0x0000000008004910                HAL_PCD_DataInStageCallback
 .text.HAL_PCD_SOFCallback
                0x0000000008004920        0x8 ./Middlewares/Third_Party/AL94_USB_Composite/COMPOSITE/Target/usbd_conf.o
                0x0000000008004920                HAL_PCD_SOFCallback
 .text.HAL_PCD_ResetCallback
                0x0000000008004928       0x24 ./Middlewares/Third_Party/AL94_USB_Composite/COMPOSITE/Target/usbd_conf.o
                0x0000000008004928                HAL_PCD_ResetCallback
 .text.HAL_PCD_SuspendCallback
                0x000000000800494c        0x8 ./Middlewares/Third_Party/AL94_USB_Composite/COMPOSITE/Target/usbd_conf.o
                0x000000000800494c                HAL_PCD_SuspendCallback
 .text.HAL_PCD_ResumeCallback
                0x0000000008004954        0x8 ./Middlewares/Third_Party/AL94_USB_Composite/COMPOSITE/Target/usbd_conf.o
                0x0000000008004954                HAL_PCD_ResumeCallback
 .text.USBD_LL_Init
                0x000000000800495c       0x8c ./Middlewares/Third_Party/AL94_USB_Composite/COMPOSITE/Target/usbd_conf.o
                0x000000000800495c                USBD_LL_Init
 .text.USBD_LL_IsStallEP
                0x00000000080049e8       0x24 ./Middlewares/Third_Party/AL94_USB_Composite/COMPOSITE/Target/usbd_conf.o
                0x00000000080049e8                USBD_LL_IsStallEP
 .text.USBD_LL_GetRxDataSize
                0x0000000008004a0c        0x8 ./Middlewares/Third_Party/AL94_USB_Composite/COMPOSITE/Target/usbd_conf.o
                0x0000000008004a0c                USBD_LL_GetRxDataSize
 .text.USBD_Get_USB_Status
                0x0000000008004a14       0x10 ./Middlewares/Third_Party/AL94_USB_Composite/COMPOSITE/Target/usbd_conf.o
                0x0000000008004a14                USBD_Get_USB_Status
 .text.USBD_LL_Start
                0x0000000008004a24       0x12 ./Middlewares/Third_Party/AL94_USB_Composite/COMPOSITE/Target/usbd_conf.o
                0x0000000008004a24                USBD_LL_Start
 .text.USBD_LL_OpenEP
                0x0000000008004a36       0x18 ./Middlewares/Third_Party/AL94_USB_Composite/COMPOSITE/Target/usbd_conf.o
                0x0000000008004a36                USBD_LL_OpenEP
 .text.USBD_LL_CloseEP
                0x0000000008004a4e       0x12 ./Middlewares/Third_Party/AL94_USB_Composite/COMPOSITE/Target/usbd_conf.o
                0x0000000008004a4e                USBD_LL_CloseEP
 .text.USBD_LL_StallEP
                0x0000000008004a60       0x12 ./Middlewares/Third_Party/AL94_USB_Composite/COMPOSITE/Target/usbd_conf.o
                0x0000000008004a60                USBD_LL_StallEP
 .text.USBD_LL_ClearStallEP
                0x0000000008004a72       0x12 ./Middlewares/Third_Party/AL94_USB_Composite/COMPOSITE/Target/usbd_conf.o
                0x0000000008004a72                USBD_LL_ClearStallEP
 .text.USBD_LL_SetUSBAddress
                0x0000000008004a84       0x12 ./Middlewares/Third_Party/AL94_USB_Composite/COMPOSITE/Target/usbd_conf.o
                0x0000000008004a84                USBD_LL_SetUSBAddress
 .text.USBD_LL_Transmit
                0x0000000008004a96       0x12 ./Middlewares/Third_Party/AL94_USB_Composite/COMPOSITE/Target/usbd_conf.o
                0x0000000008004a96                USBD_LL_Transmit
 .text.USBD_LL_PrepareReceive
                0x0000000008004aa8       0x12 ./Middlewares/Third_Party/AL94_USB_Composite/COMPOSITE/Target/usbd_conf.o
                0x0000000008004aa8                USBD_LL_PrepareReceive
 *fill*         0x0000000008004aba        0x2 
 .text.__errno  0x0000000008004abc        0xc /opt/stm32cubeide/plugins/com.st.stm32cube.ide.mcu.externaltools.gnu-tools-for-stm32.10.3-2021.10.linux64_1.0.100.202210260954/tools/bin/../lib/gcc/arm-none-eabi/10.3.1/../../../../arm-none-eabi/lib/thumb/v7-m/nofp/libc_nano.a(lib_a-errno.o)
                0x0000000008004abc                __errno
 .text.__libc_init_array
                0x0000000008004ac8       0x48 /opt/stm32cubeide/plugins/com.st.stm32cube.ide.mcu.externaltools.gnu-tools-for-stm32.10.3-2021.10.linux64_1.0.100.202210260954/tools/bin/../lib/gcc/arm-none-eabi/10.3.1/../../../../arm-none-eabi/lib/thumb/v7-m/nofp/libc_nano.a(lib_a-init.o)
                0x0000000008004ac8                __libc_init_array
 .text.memcpy   0x0000000008004b10       0x1c /opt/stm32cubeide/plugins/com.st.stm32cube.ide.mcu.externaltools.gnu-tools-for-stm32.10.3-2021.10.linux64_1.0.100.202210260954/tools/bin/../lib/gcc/arm-none-eabi/10.3.1/../../../../arm-none-eabi/lib/thumb/v7-m/nofp/libc_nano.a(lib_a-memcpy-stub.o)
                0x0000000008004b10                memcpy
 .text.memset   0x0000000008004b2c       0x10 /opt/stm32cubeide/plugins/com.st.stm32cube.ide.mcu.externaltools.gnu-tools-for-stm32.10.3-2021.10.linux64_1.0.100.202210260954/tools/bin/../lib/gcc/arm-none-eabi/10.3.1/../../../../arm-none-eabi/lib/thumb/v7-m/nofp/libc_nano.a(lib_a-memset.o)
                0x0000000008004b2c                memset
 .text.snprintf
                0x0000000008004b3c       0x68 /opt/stm32cubeide/plugins/com.st.stm32cube.ide.mcu.externaltools.gnu-tools-for-stm32.10.3-2021.10.linux64_1.0.100.202210260954/tools/bin/../lib/gcc/arm-none-eabi/10.3.1/../../../../arm-none-eabi/lib/thumb/v7-m/nofp/libc_nano.a(lib_a-snprintf.o)
                0x0000000008004b3c                snprintf
                0x0000000008004b3c                sniprintf
 .text.sprintf  0x0000000008004ba4       0x40 /opt/stm32cubeide/plugins/com.st.stm32cube.ide.mcu.externaltools.gnu-tools-for-stm32.10.3-2021.10.linux64_1.0.100.202210260954/tools/bin/../lib/gcc/arm-none-eabi/10.3.1/../../../../arm-none-eabi/lib/thumb/v7-m/nofp/libc_nano.a(lib_a-sprintf.o)
                0x0000000008004ba4                sprintf
                0x0000000008004ba4                siprintf
 .text.__ssputs_r
                0x0000000008004be4       0xb6 /opt/stm32cubeide/plugins/com.st.stm32cube.ide.mcu.externaltools.gnu-tools-for-stm32.10.3-2021.10.linux64_1.0.100.202210260954/tools/bin/../lib/gcc/arm-none-eabi/10.3.1/../../../../arm-none-eabi/lib/thumb/v7-m/nofp/libc_nano.a(lib_a-nano-svfprintf.o)
                0x0000000008004be4                __ssputs_r
 *fill*         0x0000000008004c9a        0x2 
 .text._svfprintf_r
                0x0000000008004c9c      0x200 /opt/stm32cubeide/plugins/com.st.stm32cube.ide.mcu.externaltools.gnu-tools-for-stm32.10.3-2021.10.linux64_1.0.100.202210260954/tools/bin/../lib/gcc/arm-none-eabi/10.3.1/../../../../arm-none-eabi/lib/thumb/v7-m/nofp/libc_nano.a(lib_a-nano-svfprintf.o)
                0x0000000008004c9c                _svfprintf_r
                0x0000000008004c9c                _svfiprintf_r
 .text._printf_common
                0x0000000008004e9c       0xde /opt/stm32cubeide/plugins/com.st.stm32cube.ide.mcu.externaltools.gnu-tools-for-stm32.10.3-2021.10.linux64_1.0.100.202210260954/tools/bin/../lib/gcc/arm-none-eabi/10.3.1/../../../../arm-none-eabi/lib/thumb/v7-m/nofp/libc_nano.a(lib_a-nano-vfprintf_i.o)
                0x0000000008004e9c                _printf_common
 *fill*         0x0000000008004f7a        0x2 
 .text._printf_i
                0x0000000008004f7c      0x24c /opt/stm32cubeide/plugins/com.st.stm32cube.ide.mcu.externaltools.gnu-tools-for-stm32.10.3-2021.10.linux64_1.0.100.202210260954/tools/bin/../lib/gcc/arm-none-eabi/10.3.1/../../../../arm-none-eabi/lib/thumb/v7-m/nofp/libc_nano.a(lib_a-nano-vfprintf_i.o)
                0x0000000008004f7c                _printf_i
 .text.memchr   0x00000000080051c8       0x1c /opt/stm32cubeide/plugins/com.st.stm32cube.ide.mcu.externaltools.gnu-tools-for-stm32.10.3-2021.10.linux64_1.0.100.202210260954/tools/bin/../lib/gcc/arm-none-eabi/10.3.1/../../../../arm-none-eabi/lib/thumb/v7-m/nofp/libc_nano.a(lib_a-memchr-stub.o)
                0x00000000080051c8                memchr
 .text.memmove  0x00000000080051e4       0x34 /opt/stm32cubeide/plugins/com.st.stm32cube.ide.mcu.externaltools.gnu-tools-for-stm32.10.3-2021.10.linux64_1.0.100.202210260954/tools/bin/../lib/gcc/arm-none-eabi/10.3.1/../../../../arm-none-eabi/lib/thumb/v7-m/nofp/libc_nano.a(lib_a-memmove.o)
                0x00000000080051e4                memmove
 .text._free_r  0x0000000008005218       0x90 /opt/stm32cubeide/plugins/com.st.stm32cube.ide.mcu.externaltools.gnu-tools-for-stm32.10.3-2021.10.linux64_1.0.100.202210260954/tools/bin/../lib/gcc/arm-none-eabi/10.3.1/../../../../arm-none-eabi/lib/thumb/v7-m/nofp/libc_nano.a(lib_a-nano-freer.o)
                0x0000000008005218                _free_r
 .text.sbrk_aligned
                0x00000000080052a8       0x40 /opt/stm32cubeide/plugins/com.st.stm32cube.ide.mcu.externaltools.gnu-tools-for-stm32.10.3-2021.10.linux64_1.0.100.202210260954/tools/bin/../lib/gcc/arm-none-eabi/10.3.1/../../../../arm-none-eabi/lib/thumb/v7-m/nofp/libc_nano.a(lib_a-nano-mallocr.o)
 .text._malloc_r
                0x00000000080052e8       0xe8 /opt/stm32cubeide/plugins/com.st.stm32cube.ide.mcu.externaltools.gnu-tools-for-stm32.10.3-2021.10.linux64_1.0.100.202210260954/tools/bin/../lib/gcc/arm-none-eabi/10.3.1/../../../../arm-none-eabi/lib/thumb/v7-m/nofp/libc_nano.a(lib_a-nano-mallocr.o)
                0x00000000080052e8                _malloc_r
 .text._realloc_r
                0x00000000080053d0       0x5e /opt/stm32cubeide/plugins/com.st.stm32cube.ide.mcu.externaltools.gnu-tools-for-stm32.10.3-2021.10.linux64_1.0.100.202210260954/tools/bin/../lib/gcc/arm-none-eabi/10.3.1/../../../../arm-none-eabi/lib/thumb/v7-m/nofp/libc_nano.a(lib_a-nano-reallocr.o)
                0x00000000080053d0                _realloc_r
 *fill*         0x000000000800542e        0x2 
 .text._sbrk_r  0x0000000008005430       0x20 /opt/stm32cubeide/plugins/com.st.stm32cube.ide.mcu.externaltools.gnu-tools-for-stm32.10.3-2021.10.linux64_1.0.100.202210260954/tools/bin/../lib/gcc/arm-none-eabi/10.3.1/../../../../arm-none-eabi/lib/thumb/v7-m/nofp/libc_nano.a(lib_a-sbrkr.o)
                0x0000000008005430                _sbrk_r
 .text.__malloc_lock
                0x0000000008005450        0xc /opt/stm32cubeide/plugins/com.st.stm32cube.ide.mcu.externaltools.gnu-tools-for-stm32.10.3-2021.10.linux64_1.0.100.202210260954/tools/bin/../lib/gcc/arm-none-eabi/10.3.1/../../../../arm-none-eabi/lib/thumb/v7-m/nofp/libc_nano.a(lib_a-mlock.o)
                0x0000000008005450                __malloc_lock
 .text.__malloc_unlock
                0x000000000800545c        0xc /opt/stm32cubeide/plugins/com.st.stm32cube.ide.mcu.externaltools.gnu-tools-for-stm32.10.3-2021.10.linux64_1.0.100.202210260954/tools/bin/../lib/gcc/arm-none-eabi/10.3.1/../../../../arm-none-eabi/lib/thumb/v7-m/nofp/libc_nano.a(lib_a-mlock.o)
                0x000000000800545c                __malloc_unlock
 .text._malloc_usable_size_r
                0x0000000008005468       0x10 /opt/stm32cubeide/plugins/com.st.stm32cube.ide.mcu.externaltools.gnu-tools-for-stm32.10.3-2021.10.linux64_1.0.100.202210260954/tools/bin/../lib/gcc/arm-none-eabi/10.3.1/../../../../arm-none-eabi/lib/thumb/v7-m/nofp/libc_nano.a(lib_a-nano-msizer.o)
                0x0000000008005468                _malloc_usable_size_r
 .text.__retarget_lock_acquire_recursive
                0x0000000008005478        0x2 /opt/stm32cubeide/plugins/com.st.stm32cube.ide.mcu.externaltools.gnu-tools-for-stm32.10.3-2021.10.linux64_1.0.100.202210260954/tools/bin/../lib/gcc/arm-none-eabi/10.3.1/../../../../arm-none-eabi/lib/thumb/v7-m/nofp/libc_nano.a(lib_a-lock.o)
                0x0000000008005478                __retarget_lock_acquire_recursive
 .text.__retarget_lock_release_recursive
                0x000000000800547a        0x2 /opt/stm32cubeide/plugins/com.st.stm32cube.ide.mcu.externaltools.gnu-tools-for-stm32.10.3-2021.10.linux64_1.0.100.202210260954/tools/bin/../lib/gcc/arm-none-eabi/10.3.1/../../../../arm-none-eabi/lib/thumb/v7-m/nofp/libc_nano.a(lib_a-lock.o)
                0x000000000800547a                __retarget_lock_release_recursive
 *(.glue_7)
 .glue_7        0x000000000800547c        0x0 linker stubs
 *(.glue_7t)
 .glue_7t       0x000000000800547c        0x0 linker stubs
 *(.eh_frame)
 .eh_frame      0x000000000800547c        0x0 /opt/stm32cubeide/plugins/com.st.stm32cube.ide.mcu.externaltools.gnu-tools-for-stm32.10.3-2021.10.linux64_1.0.100.202210260954/tools/bin/../lib/gcc/arm-none-eabi/10.3.1/thumb/v7-m/nofp/crtbegin.o
 *(.init)
 .init          0x000000000800547c        0x4 /opt/stm32cubeide/plugins/com.st.stm32cube.ide.mcu.externaltools.gnu-tools-for-stm32.10.3-2021.10.linux64_1.0.100.202210260954/tools/bin/../lib/gcc/arm-none-eabi/10.3.1/thumb/v7-m/nofp/crti.o
                0x000000000800547c                _init
 .init          0x0000000008005480        0x8 /opt/stm32cubeide/plugins/com.st.stm32cube.ide.mcu.externaltools.gnu-tools-for-stm32.10.3-2021.10.linux64_1.0.100.202210260954/tools/bin/../lib/gcc/arm-none-eabi/10.3.1/thumb/v7-m/nofp/crtn.o
 *(.fini)
 .fini          0x0000000008005488        0x4 /opt/stm32cubeide/plugins/com.st.stm32cube.ide.mcu.externaltools.gnu-tools-for-stm32.10.3-2021.10.linux64_1.0.100.202210260954/tools/bin/../lib/gcc/arm-none-eabi/10.3.1/thumb/v7-m/nofp/crti.o
                0x0000000008005488                _fini
 .fini          0x000000000800548c        0x8 /opt/stm32cubeide/plugins/com.st.stm32cube.ide.mcu.externaltools.gnu-tools-for-stm32.10.3-2021.10.linux64_1.0.100.202210260954/tools/bin/../lib/gcc/arm-none-eabi/10.3.1/thumb/v7-m/nofp/crtn.o
                0x0000000008005494                . = ALIGN (0x4)
                0x0000000008005494                _etext = .

.vfp11_veneer   0x0000000008005494        0x0
 .vfp11_veneer  0x0000000008005494        0x0 linker stubs

.v4_bx          0x0000000008005494        0x0
 .v4_bx         0x0000000008005494        0x0 linker stubs

.iplt           0x0000000008005494        0x0
 .iplt          0x0000000008005494        0x0 /opt/stm32cubeide/plugins/com.st.stm32cube.ide.mcu.externaltools.gnu-tools-for-stm32.10.3-2021.10.linux64_1.0.100.202210260954/tools/bin/../lib/gcc/arm-none-eabi/10.3.1/thumb/v7-m/nofp/crtbegin.o

.rodata         0x0000000008005494       0xd8
                0x0000000008005494                . = ALIGN (0x4)
 *(.rodata)
 *(.rodata*)
 .rodata.main.str1.1
                0x0000000008005494        0xf ./Core/Src/main.o
 .rodata.AHBPrescTable
                0x00000000080054a3       0x10 ./Core/Src/system_stm32f1xx.o
                0x00000000080054a3                AHBPrescTable
 .rodata.HAL_RCC_GetSysClockFreq.str1.1
                0x00000000080054b3       0x11 ./Drivers/STM32F1xx_HAL_Driver/Src/stm32f1xx_hal_rcc.o
 .rodata.USBD_ManufacturerStrDescriptor.str1.1
                0x00000000080054c4       0x13 ./Middlewares/Third_Party/AL94_USB_Composite/COMPOSITE/App/usbd_desc.o
 .rodata.USBD_ProductStrDescriptor.str1.1
                0x00000000080054d7       0x17 ./Middlewares/Third_Party/AL94_USB_Composite/COMPOSITE/App/usbd_desc.o
 .rodata.USBD_ConfigStrDescriptor.str1.1
                0x00000000080054ee       0x10 ./Middlewares/Third_Party/AL94_USB_Composite/COMPOSITE/App/usbd_desc.o
 .rodata.USBD_InterfaceStrDescriptor.str1.1
                0x00000000080054fe       0x14 ./Middlewares/Third_Party/AL94_USB_Composite/COMPOSITE/App/usbd_desc.o
 .rodata.USBD_COMPOSITE_GetUsrStringDesc.str1.1
                0x0000000008005512       0x23 ./Middlewares/Third_Party/AL94_USB_Composite/COMPOSITE/Class/COMPOSITE/Src/usbd_composite.o
 .rodata.CSWTCH.23
                0x0000000008005535        0x4 ./Middlewares/Third_Party/AL94_USB_Composite/COMPOSITE/Target/usbd_conf.o
 .rodata._svfprintf_r.str1.1
                0x0000000008005539       0x11 /opt/stm32cubeide/plugins/com.st.stm32cube.ide.mcu.externaltools.gnu-tools-for-stm32.10.3-2021.10.linux64_1.0.100.202210260954/tools/bin/../lib/gcc/arm-none-eabi/10.3.1/../../../../arm-none-eabi/lib/thumb/v7-m/nofp/libc_nano.a(lib_a-nano-svfprintf.o)
 .rodata._printf_i.str1.1
                0x000000000800554a       0x22 /opt/stm32cubeide/plugins/com.st.stm32cube.ide.mcu.externaltools.gnu-tools-for-stm32.10.3-2021.10.linux64_1.0.100.202210260954/tools/bin/../lib/gcc/arm-none-eabi/10.3.1/../../../../arm-none-eabi/lib/thumb/v7-m/nofp/libc_nano.a(lib_a-nano-vfprintf_i.o)
                0x000000000800556c                . = ALIGN (0x4)

.rel.dyn        0x000000000800556c        0x0
 .rel.iplt      0x000000000800556c        0x0 /opt/stm32cubeide/plugins/com.st.stm32cube.ide.mcu.externaltools.gnu-tools-for-stm32.10.3-2021.10.linux64_1.0.100.202210260954/tools/bin/../lib/gcc/arm-none-eabi/10.3.1/thumb/v7-m/nofp/crtbegin.o

.ARM.extab      0x000000000800556c        0x0
                0x000000000800556c                . = ALIGN (0x4)
 *(.ARM.extab* .gnu.linkonce.armextab.*)
                0x000000000800556c                . = ALIGN (0x4)

.ARM            0x000000000800556c        0x0
                0x000000000800556c                . = ALIGN (0x4)
                0x000000000800556c                __exidx_start = .
 *(.ARM.exidx*)
                0x000000000800556c                __exidx_end = .
                0x000000000800556c                . = ALIGN (0x4)

.preinit_array  0x000000000800556c        0x0
                0x000000000800556c                . = ALIGN (0x4)
                0x000000000800556c                PROVIDE (__preinit_array_start = .)
 *(.preinit_array*)
                0x000000000800556c                PROVIDE (__preinit_array_end = .)
                0x000000000800556c                . = ALIGN (0x4)

.init_array     0x000000000800556c        0x4
                0x000000000800556c                . = ALIGN (0x4)
                0x000000000800556c                PROVIDE (__init_array_start = .)
 *(SORT_BY_NAME(.init_array.*))
 *(.init_array*)
 .init_array    0x000000000800556c        0x4 /opt/stm32cubeide/plugins/com.st.stm32cube.ide.mcu.externaltools.gnu-tools-for-stm32.10.3-2021.10.linux64_1.0.100.202210260954/tools/bin/../lib/gcc/arm-none-eabi/10.3.1/thumb/v7-m/nofp/crtbegin.o
                0x0000000008005570                PROVIDE (__init_array_end = .)
                0x0000000008005570                . = ALIGN (0x4)

.fini_array     0x0000000008005570        0x4
                0x0000000008005570                . = ALIGN (0x4)
                [!provide]                        PROVIDE (__fini_array_start = .)
 *(SORT_BY_NAME(.fini_array.*))
 *(.fini_array*)
 .fini_array    0x0000000008005570        0x4 /opt/stm32cubeide/plugins/com.st.stm32cube.ide.mcu.externaltools.gnu-tools-for-stm32.10.3-2021.10.linux64_1.0.100.202210260954/tools/bin/../lib/gcc/arm-none-eabi/10.3.1/thumb/v7-m/nofp/crtbegin.o
                [!provide]                        PROVIDE (__fini_array_end = .)
                0x0000000008005574                . = ALIGN (0x4)
                0x0000000008005574                _sidata = LOADADDR (.data)

.data           0x0000000020000000      0x3b0 load address 0x0000000008005574
                0x0000000020000000                . = ALIGN (0x4)
                0x0000000020000000                _sdata = .
 *(.data)
 *(.data*)
 .data.ground_id
                0x0000000020000000        0x1 ./Core/Src/main.o
                0x0000000020000000                ground_id
 *fill*         0x0000000020000001        0x1 
 .data.sensor_treshholds
                0x0000000020000002       0x50 ./Core/Src/main.o
                0x0000000020000002                sensor_treshholds
 .data.sensors_keymap
                0x0000000020000052        0xa ./Core/Src/main.o
                0x0000000020000052                sensors_keymap
 .data.SystemCoreClock
                0x000000002000005c        0x4 ./Core/Src/system_stm32f1xx.o
                0x000000002000005c                SystemCoreClock
 .data.uwTickFreq
                0x0000000020000060        0x1 ./Drivers/STM32F1xx_HAL_Driver/Src/stm32f1xx_hal.o
                0x0000000020000060                uwTickFreq
 *fill*         0x0000000020000061        0x3 
 .data.uwTickPrio
                0x0000000020000064        0x4 ./Drivers/STM32F1xx_HAL_Driver/Src/stm32f1xx_hal.o
                0x0000000020000064                uwTickPrio
 .data.USBD_CDC_ACM_fops
                0x0000000020000068       0x14 ./Middlewares/Third_Party/AL94_USB_Composite/COMPOSITE/App/usbd_cdc_acm_if.o
                0x0000000020000068                USBD_CDC_ACM_fops
 .data.USBD_Desc
                0x000000002000007c       0x1c ./Middlewares/Third_Party/AL94_USB_Composite/COMPOSITE/App/usbd_desc.o
                0x000000002000007c                USBD_Desc
 .data.USBD_DeviceDesc
                0x0000000020000098       0x12 ./Middlewares/Third_Party/AL94_USB_Composite/COMPOSITE/App/usbd_desc.o
                0x0000000020000098                USBD_DeviceDesc
 *fill*         0x00000000200000aa        0x2 
 .data.USBD_LangIDDesc
                0x00000000200000ac        0x4 ./Middlewares/Third_Party/AL94_USB_Composite/COMPOSITE/App/usbd_desc.o
                0x00000000200000ac                USBD_LangIDDesc
 .data.USBD_StringSerial
                0x00000000200000b0       0x1a ./Middlewares/Third_Party/AL94_USB_Composite/COMPOSITE/App/usbd_desc.o
                0x00000000200000b0                USBD_StringSerial
 *fill*         0x00000000200000ca        0x2 
 .data.USBD_CDC_ACM
                0x00000000200000cc       0x3c ./Middlewares/Third_Party/AL94_USB_Composite/COMPOSITE/Class/CDC_ACM/Src/usbd_cdc_acm.o
                0x00000000200000cc                USBD_CDC_ACM
 .data.USBD_CDC_CfgFSDesc
                0x0000000020000108       0x4b ./Middlewares/Third_Party/AL94_USB_Composite/COMPOSITE/Class/CDC_ACM/Src/usbd_cdc_acm.o
 *fill*         0x0000000020000153        0x1 
 .data.USBD_CDC_CfgHSDesc
                0x0000000020000154       0x4b ./Middlewares/Third_Party/AL94_USB_Composite/COMPOSITE/Class/CDC_ACM/Src/usbd_cdc_acm.o
 *fill*         0x000000002000019f        0x1 
 .data.USBD_CDC_DeviceQualifierDesc
                0x00000000200001a0        0xa ./Middlewares/Third_Party/AL94_USB_Composite/COMPOSITE/Class/CDC_ACM/Src/usbd_cdc_acm.o
 *fill*         0x00000000200001aa        0x2 
 .data.USBD_COMPOSITE
                0x00000000200001ac       0x3c ./Middlewares/Third_Party/AL94_USB_Composite/COMPOSITE/Class/COMPOSITE/Src/usbd_composite.o
                0x00000000200001ac                USBD_COMPOSITE
 .data.USBD_COMPOSITE_DeviceQualifierDesc
                0x00000000200001e8        0xa ./Middlewares/Third_Party/AL94_USB_Composite/COMPOSITE/Class/COMPOSITE/Src/usbd_composite.o
 .data.USBD_Track_String_Index
                0x00000000200001f2        0x1 ./Middlewares/Third_Party/AL94_USB_Composite/COMPOSITE/Class/COMPOSITE/Src/usbd_composite.o
                0x00000000200001f2                USBD_Track_String_Index
 .data.HID_KEYBOARD_IN_EP
                0x00000000200001f3        0x1 ./Middlewares/Third_Party/AL94_USB_Composite/COMPOSITE/Class/HID_KEYBOARD/Src/usbd_hid_keyboard.o
                0x00000000200001f3                HID_KEYBOARD_IN_EP
 .data.HID_KEYBOARD_ReportDesc
                0x00000000200001f4       0xbb ./Middlewares/Third_Party/AL94_USB_Composite/COMPOSITE/Class/HID_KEYBOARD/Src/usbd_hid_keyboard.o
 *fill*         0x00000000200002af        0x1 
 .data.USBD_HID_DeviceQualifierDesc
                0x00000000200002b0        0xa ./Middlewares/Third_Party/AL94_USB_Composite/COMPOSITE/Class/HID_KEYBOARD/Src/usbd_hid_keyboard.o
 *fill*         0x00000000200002ba        0x2 
 .data.USBD_HID_KEYBOARD
                0x00000000200002bc       0x3c ./Middlewares/Third_Party/AL94_USB_Composite/COMPOSITE/Class/HID_KEYBOARD/Src/usbd_hid_keyboard.o
                0x00000000200002bc                USBD_HID_KEYBOARD
 .data.USBD_HID_KEYBOARD_CfgFSDesc
                0x00000000200002f8       0x22 ./Middlewares/Third_Party/AL94_USB_Composite/COMPOSITE/Class/HID_KEYBOARD/Src/usbd_hid_keyboard.o
 *fill*         0x000000002000031a        0x2 
 .data.USBD_HID_KEYBOARD_CfgHSDesc
                0x000000002000031c       0x22 ./Middlewares/Third_Party/AL94_USB_Composite/COMPOSITE/Class/HID_KEYBOARD/Src/usbd_hid_keyboard.o
 *fill*         0x000000002000033e        0x2 
 .data.USBD_HID_KEYBOARD_Desc
                0x0000000020000340        0x9 ./Middlewares/Third_Party/AL94_USB_Composite/COMPOSITE/Class/HID_KEYBOARD/Src/usbd_hid_keyboard.o
 *fill*         0x0000000020000349        0x3 
 .data._impure_ptr
                0x000000002000034c        0x4 /opt/stm32cubeide/plugins/com.st.stm32cube.ide.mcu.externaltools.gnu-tools-for-stm32.10.3-2021.10.linux64_1.0.100.202210260954/tools/bin/../lib/gcc/arm-none-eabi/10.3.1/../../../../arm-none-eabi/lib/thumb/v7-m/nofp/libc_nano.a(lib_a-impure.o)
                0x000000002000034c                _impure_ptr
 .data.impure_data
                0x0000000020000350       0x60 /opt/stm32cubeide/plugins/com.st.stm32cube.ide.mcu.externaltools.gnu-tools-for-stm32.10.3-2021.10.linux64_1.0.100.202210260954/tools/bin/../lib/gcc/arm-none-eabi/10.3.1/../../../../arm-none-eabi/lib/thumb/v7-m/nofp/libc_nano.a(lib_a-impure.o)
 *(.RamFunc)
 *(.RamFunc*)
                0x00000000200003b0                . = ALIGN (0x4)
                0x00000000200003b0                _edata = .

.igot.plt       0x00000000200003b0        0x0 load address 0x0000000008005924
 .igot.plt      0x00000000200003b0        0x0 /opt/stm32cubeide/plugins/com.st.stm32cube.ide.mcu.externaltools.gnu-tools-for-stm32.10.3-2021.10.linux64_1.0.100.202210260954/tools/bin/../lib/gcc/arm-none-eabi/10.3.1/thumb/v7-m/nofp/crtbegin.o
                0x00000000200003b0                . = ALIGN (0x4)

.bss            0x00000000200003b0      0xdb4 load address 0x0000000008005924
                0x00000000200003b0                _sbss = .
                0x00000000200003b0                __bss_start__ = _sbss
 *(.bss)
 .bss           0x00000000200003b0       0x1c /opt/stm32cubeide/plugins/com.st.stm32cube.ide.mcu.externaltools.gnu-tools-for-stm32.10.3-2021.10.linux64_1.0.100.202210260954/tools/bin/../lib/gcc/arm-none-eabi/10.3.1/thumb/v7-m/nofp/crtbegin.o
 *(.bss*)
 .bss.hadc1     0x00000000200003cc       0x30 ./Core/Src/adc.o
                0x00000000200003cc                hadc1
 .bss.hdma_adc1
                0x00000000200003fc       0x44 ./Core/Src/adc.o
                0x00000000200003fc                hdma_adc1
 .bss.Output_1_in
                0x0000000020000440       0x10 ./Core/Src/main.o
 .bss.Output_1_out
                0x0000000020000450       0x10 ./Core/Src/main.o
 .bss.Output_2_in
                0x0000000020000460       0x10 ./Core/Src/main.o
 .bss.Output_2_out
                0x0000000020000470       0x10 ./Core/Src/main.o
 .bss.Output_3_in
                0x0000000020000480       0x10 ./Core/Src/main.o
 .bss.Output_3_out
                0x0000000020000490       0x10 ./Core/Src/main.o
 .bss.Output_4_in
                0x00000000200004a0       0x10 ./Core/Src/main.o
 .bss.Output_4_out
                0x00000000200004b0       0x10 ./Core/Src/main.o
 .bss.adc_results_1
                0x00000000200004c0       0x14 ./Core/Src/main.o
                0x00000000200004c0                adc_results_1
 .bss.adc_results_2
                0x00000000200004d4       0x14 ./Core/Src/main.o
                0x00000000200004d4                adc_results_2
 .bss.adc_results_3
                0x00000000200004e8       0x14 ./Core/Src/main.o
                0x00000000200004e8                adc_results_3
 .bss.adc_results_4
                0x00000000200004fc       0x14 ./Core/Src/main.o
                0x00000000200004fc                adc_results_4
 .bss.keyBoardHIDsub
                0x0000000020000510        0x8 ./Core/Src/main.o
                0x0000000020000510                keyBoardHIDsub
 .bss.msg       0x0000000020000518        0xa ./Core/Src/main.o
                0x0000000020000518                msg
 .bss.sensors_states
                0x0000000020000522        0xa ./Core/Src/main.o
                0x0000000020000522                sensors_states
 .bss.__sbrk_heap_end
                0x000000002000052c        0x4 ./Core/Src/sysmem.o
 .bss.htim2     0x0000000020000530       0x48 ./Core/Src/tim.o
                0x0000000020000530                htim2
 .bss.hpcd_USB_FS
                0x0000000020000578      0x2ec ./Core/Src/usb.o
                0x0000000020000578                hpcd_USB_FS
 .bss.uwTick    0x0000000020000864        0x4 ./Drivers/STM32F1xx_HAL_Driver/Src/stm32f1xx_hal.o
                0x0000000020000864                uwTick
 .bss.hUsbDevice
                0x0000000020000868      0x31c ./Middlewares/Third_Party/AL94_USB_Composite/COMPOSITE/App/usb_device.o
                0x0000000020000868                hUsbDevice
 .bss.Line_Coding
                0x0000000020000b84        0x8 ./Middlewares/Third_Party/AL94_USB_Composite/COMPOSITE/App/usbd_cdc_acm_if.o
                0x0000000020000b84                Line_Coding
 .bss.RX_Buffer
                0x0000000020000b8c       0x80 ./Middlewares/Third_Party/AL94_USB_Composite/COMPOSITE/App/usbd_cdc_acm_if.o
                0x0000000020000b8c                RX_Buffer
 .bss.USBD_StrDesc
                0x0000000020000c0c      0x200 ./Middlewares/Third_Party/AL94_USB_Composite/COMPOSITE/App/usbd_desc.o
                0x0000000020000c0c                USBD_StrDesc
 .bss.CDC_ACM_Class_Data
                0x0000000020000e0c      0x21c ./Middlewares/Third_Party/AL94_USB_Composite/COMPOSITE/Class/CDC_ACM/Src/usbd_cdc_acm.o
                0x0000000020000e0c                CDC_ACM_Class_Data
 .bss.CDC_CMD_EP
                0x0000000020001028        0x1 ./Middlewares/Third_Party/AL94_USB_Composite/COMPOSITE/Class/CDC_ACM/Src/usbd_cdc_acm.o
                0x0000000020001028                CDC_CMD_EP
 .bss.CDC_CMD_ITF_NBR
                0x0000000020001029        0x1 ./Middlewares/Third_Party/AL94_USB_Composite/COMPOSITE/Class/CDC_ACM/Src/usbd_cdc_acm.o
                0x0000000020001029                CDC_CMD_ITF_NBR
 .bss.CDC_COM_ITF_NBR
                0x000000002000102a        0x1 ./Middlewares/Third_Party/AL94_USB_Composite/COMPOSITE/Class/CDC_ACM/Src/usbd_cdc_acm.o
                0x000000002000102a                CDC_COM_ITF_NBR
 .bss.CDC_IN_EP
                0x000000002000102b        0x1 ./Middlewares/Third_Party/AL94_USB_Composite/COMPOSITE/Class/CDC_ACM/Src/usbd_cdc_acm.o
                0x000000002000102b                CDC_IN_EP
 .bss.CDC_OUT_EP
                0x000000002000102c        0x1 ./Middlewares/Third_Party/AL94_USB_Composite/COMPOSITE/Class/CDC_ACM/Src/usbd_cdc_acm.o
                0x000000002000102c                CDC_OUT_EP
 .bss.CDC_STR_DESC_IDX
                0x000000002000102d        0x1 ./Middlewares/Third_Party/AL94_USB_Composite/COMPOSITE/Class/CDC_ACM/Src/usbd_cdc_acm.o
                0x000000002000102d                CDC_STR_DESC_IDX
 .bss.USBD_COMPOSITE_FSCfgDesc
                0x000000002000102e       0x64 ./Middlewares/Third_Party/AL94_USB_Composite/COMPOSITE/Class/COMPOSITE/Src/usbd_composite.o
                0x000000002000102e                USBD_COMPOSITE_FSCfgDesc
 *fill*         0x0000000020001092        0x2 
 .bss.USBD_COMPOSITE_HSCfgDesc
                0x0000000020001094       0x64 ./Middlewares/Third_Party/AL94_USB_Composite/COMPOSITE/Class/COMPOSITE/Src/usbd_composite.o
                0x0000000020001094                USBD_COMPOSITE_HSCfgDesc
 .bss.USBD_StrDesc.0
                0x00000000200010f8       0x40 ./Middlewares/Third_Party/AL94_USB_Composite/COMPOSITE/Class/COMPOSITE/Src/usbd_composite.o
 .bss.HID_KEYBOARD_ITF_NBR
                0x0000000020001138        0x1 ./Middlewares/Third_Party/AL94_USB_Composite/COMPOSITE/Class/HID_KEYBOARD/Src/usbd_hid_keyboard.o
                0x0000000020001138                HID_KEYBOARD_ITF_NBR
 .bss.HID_KEYBOARD_STR_DESC_IDX
                0x0000000020001139        0x1 ./Middlewares/Third_Party/AL94_USB_Composite/COMPOSITE/Class/HID_KEYBOARD/Src/usbd_hid_keyboard.o
                0x0000000020001139                HID_KEYBOARD_STR_DESC_IDX
 *fill*         0x000000002000113a        0x2 
 .bss.USBD_HID_KBD_Instace
                0x000000002000113c       0x10 ./Middlewares/Third_Party/AL94_USB_Composite/COMPOSITE/Class/HID_KEYBOARD/Src/usbd_hid_keyboard.o
 .bss.cfgidx.0  0x000000002000114c        0x1 ./Middlewares/Third_Party/AL94_USB_Composite/COMPOSITE/Core/Src/usbd_ctlreq.o
 *fill*         0x000000002000114d        0x3 
 .bss.hpcd_USB_OTG_PTR
                0x0000000020001150        0x4 ./Middlewares/Third_Party/AL94_USB_Composite/COMPOSITE/Target/usbd_conf.o
                0x0000000020001150                hpcd_USB_OTG_PTR
 .bss.__malloc_free_list
                0x0000000020001154        0x4 /opt/stm32cubeide/plugins/com.st.stm32cube.ide.mcu.externaltools.gnu-tools-for-stm32.10.3-2021.10.linux64_1.0.100.202210260954/tools/bin/../lib/gcc/arm-none-eabi/10.3.1/../../../../arm-none-eabi/lib/thumb/v7-m/nofp/libc_nano.a(lib_a-nano-mallocr.o)
                0x0000000020001154                __malloc_free_list
 .bss.__malloc_sbrk_start
                0x0000000020001158        0x4 /opt/stm32cubeide/plugins/com.st.stm32cube.ide.mcu.externaltools.gnu-tools-for-stm32.10.3-2021.10.linux64_1.0.100.202210260954/tools/bin/../lib/gcc/arm-none-eabi/10.3.1/../../../../arm-none-eabi/lib/thumb/v7-m/nofp/libc_nano.a(lib_a-nano-mallocr.o)
                0x0000000020001158                __malloc_sbrk_start
 .bss.errno     0x000000002000115c        0x4 /opt/stm32cubeide/plugins/com.st.stm32cube.ide.mcu.externaltools.gnu-tools-for-stm32.10.3-2021.10.linux64_1.0.100.202210260954/tools/bin/../lib/gcc/arm-none-eabi/10.3.1/../../../../arm-none-eabi/lib/thumb/v7-m/nofp/libc_nano.a(lib_a-reent.o)
                0x000000002000115c                errno
 .bss.__lock___malloc_recursive_mutex
                0x0000000020001160        0x1 /opt/stm32cubeide/plugins/com.st.stm32cube.ide.mcu.externaltools.gnu-tools-for-stm32.10.3-2021.10.linux64_1.0.100.202210260954/tools/bin/../lib/gcc/arm-none-eabi/10.3.1/../../../../arm-none-eabi/lib/thumb/v7-m/nofp/libc_nano.a(lib_a-lock.o)
                0x0000000020001160                __lock___malloc_recursive_mutex
 *(COMMON)
                0x0000000020001164                . = ALIGN (0x4)
 *fill*         0x0000000020001161        0x3 
                0x0000000020001164                _ebss = .
                0x0000000020001164                __bss_end__ = _ebss

._user_heap_stack
                0x0000000020001164      0x504 load address 0x0000000008005924
                0x0000000020001168                . = ALIGN (0x8)
 *fill*         0x0000000020001164        0x4 
                [!provide]                        PROVIDE (end = .)
                0x0000000020001168                PROVIDE (_end = .)
                0x0000000020001268                . = (. + _Min_Heap_Size)
 *fill*         0x0000000020001168      0x100 
                0x0000000020001668                . = (. + _Min_Stack_Size)
 *fill*         0x0000000020001268      0x400 
                0x0000000020001668                . = ALIGN (0x8)

/DISCARD/
 libc.a(*)
 libm.a(*)
 libgcc.a(*)

.ARM.attributes
                0x0000000000000000       0x29
 *(.ARM.attributes)
 .ARM.attributes
                0x0000000000000000       0x1d /opt/stm32cubeide/plugins/com.st.stm32cube.ide.mcu.externaltools.gnu-tools-for-stm32.10.3-2021.10.linux64_1.0.100.202210260954/tools/bin/../lib/gcc/arm-none-eabi/10.3.1/thumb/v7-m/nofp/crti.o
 .ARM.attributes
                0x000000000000001d       0x2d /opt/stm32cubeide/plugins/com.st.stm32cube.ide.mcu.externaltools.gnu-tools-for-stm32.10.3-2021.10.linux64_1.0.100.202210260954/tools/bin/../lib/gcc/arm-none-eabi/10.3.1/thumb/v7-m/nofp/crtbegin.o
 .ARM.attributes
                0x000000000000004a       0x2d ./Core/Src/adc.o
 .ARM.attributes
                0x0000000000000077       0x2d ./Core/Src/dma.o
 .ARM.attributes
                0x00000000000000a4       0x2d ./Core/Src/gpio.o
 .ARM.attributes
                0x00000000000000d1       0x2d ./Core/Src/main.o
 .ARM.attributes
                0x00000000000000fe       0x2d ./Core/Src/stm32f1xx_hal_msp.o
 .ARM.attributes
                0x000000000000012b       0x2d ./Core/Src/stm32f1xx_it.o
 .ARM.attributes
                0x0000000000000158       0x2d ./Core/Src/sysmem.o
 .ARM.attributes
                0x0000000000000185       0x2d ./Core/Src/system_stm32f1xx.o
 .ARM.attributes
                0x00000000000001b2       0x2d ./Core/Src/tim.o
 .ARM.attributes
                0x00000000000001df       0x2d ./Core/Src/usb.o
 .ARM.attributes
                0x000000000000020c       0x21 ./Core/Startup/startup_stm32f103c8tx.o
 .ARM.attributes
                0x000000000000022d       0x2d ./Drivers/STM32F1xx_HAL_Driver/Src/stm32f1xx_hal.o
 .ARM.attributes
                0x000000000000025a       0x2d ./Drivers/STM32F1xx_HAL_Driver/Src/stm32f1xx_hal_adc.o
 .ARM.attributes
                0x0000000000000287       0x2d ./Drivers/STM32F1xx_HAL_Driver/Src/stm32f1xx_hal_adc_ex.o
 .ARM.attributes
                0x00000000000002b4       0x2d ./Drivers/STM32F1xx_HAL_Driver/Src/stm32f1xx_hal_cortex.o
 .ARM.attributes
                0x00000000000002e1       0x2d ./Drivers/STM32F1xx_HAL_Driver/Src/stm32f1xx_hal_dma.o
 .ARM.attributes
                0x000000000000030e       0x2d ./Drivers/STM32F1xx_HAL_Driver/Src/stm32f1xx_hal_gpio.o
 .ARM.attributes
                0x000000000000033b       0x2d ./Drivers/STM32F1xx_HAL_Driver/Src/stm32f1xx_hal_pcd.o
 .ARM.attributes
                0x0000000000000368       0x2d ./Drivers/STM32F1xx_HAL_Driver/Src/stm32f1xx_hal_pcd_ex.o
 .ARM.attributes
                0x0000000000000395       0x2d ./Drivers/STM32F1xx_HAL_Driver/Src/stm32f1xx_hal_rcc.o
 .ARM.attributes
                0x00000000000003c2       0x2d ./Drivers/STM32F1xx_HAL_Driver/Src/stm32f1xx_hal_rcc_ex.o
 .ARM.attributes
                0x00000000000003ef       0x2d ./Drivers/STM32F1xx_HAL_Driver/Src/stm32f1xx_hal_tim.o
 .ARM.attributes
                0x000000000000041c       0x2d ./Drivers/STM32F1xx_HAL_Driver/Src/stm32f1xx_hal_tim_ex.o
 .ARM.attributes
                0x0000000000000449       0x2d ./Drivers/STM32F1xx_HAL_Driver/Src/stm32f1xx_ll_usb.o
 .ARM.attributes
                0x0000000000000476       0x2d ./Middlewares/Third_Party/AL94_USB_Composite/COMPOSITE/App/usb_device.o
 .ARM.attributes
                0x00000000000004a3       0x2d ./Middlewares/Third_Party/AL94_USB_Composite/COMPOSITE/App/usbd_cdc_acm_if.o
 .ARM.attributes
                0x00000000000004d0       0x2d ./Middlewares/Third_Party/AL94_USB_Composite/COMPOSITE/App/usbd_desc.o
 .ARM.attributes
                0x00000000000004fd       0x2d ./Middlewares/Third_Party/AL94_USB_Composite/COMPOSITE/Class/CDC_ACM/Src/usbd_cdc_acm.o
 .ARM.attributes
                0x000000000000052a       0x2d ./Middlewares/Third_Party/AL94_USB_Composite/COMPOSITE/Class/COMPOSITE/Src/usbd_composite.o
 .ARM.attributes
                0x0000000000000557       0x2d ./Middlewares/Third_Party/AL94_USB_Composite/COMPOSITE/Class/HID_KEYBOARD/Src/usbd_hid_keyboard.o
 .ARM.attributes
                0x0000000000000584       0x2d ./Middlewares/Third_Party/AL94_USB_Composite/COMPOSITE/Core/Src/usbd_core.o
 .ARM.attributes
                0x00000000000005b1       0x2d ./Middlewares/Third_Party/AL94_USB_Composite/COMPOSITE/Core/Src/usbd_ctlreq.o
 .ARM.attributes
                0x00000000000005de       0x2d ./Middlewares/Third_Party/AL94_USB_Composite/COMPOSITE/Core/Src/usbd_ioreq.o
 .ARM.attributes
                0x000000000000060b       0x2d ./Middlewares/Third_Party/AL94_USB_Composite/COMPOSITE/Target/usbd_conf.o
 .ARM.attributes
                0x0000000000000638       0x2d /opt/stm32cubeide/plugins/com.st.stm32cube.ide.mcu.externaltools.gnu-tools-for-stm32.10.3-2021.10.linux64_1.0.100.202210260954/tools/bin/../lib/gcc/arm-none-eabi/10.3.1/../../../../arm-none-eabi/lib/thumb/v7-m/nofp/libc_nano.a(lib_a-errno.o)
 .ARM.attributes
                0x0000000000000665       0x2d /opt/stm32cubeide/plugins/com.st.stm32cube.ide.mcu.externaltools.gnu-tools-for-stm32.10.3-2021.10.linux64_1.0.100.202210260954/tools/bin/../lib/gcc/arm-none-eabi/10.3.1/../../../../arm-none-eabi/lib/thumb/v7-m/nofp/libc_nano.a(lib_a-impure.o)
 .ARM.attributes
                0x0000000000000692       0x2d /opt/stm32cubeide/plugins/com.st.stm32cube.ide.mcu.externaltools.gnu-tools-for-stm32.10.3-2021.10.linux64_1.0.100.202210260954/tools/bin/../lib/gcc/arm-none-eabi/10.3.1/../../../../arm-none-eabi/lib/thumb/v7-m/nofp/libc_nano.a(lib_a-init.o)
 .ARM.attributes
                0x00000000000006bf       0x2d /opt/stm32cubeide/plugins/com.st.stm32cube.ide.mcu.externaltools.gnu-tools-for-stm32.10.3-2021.10.linux64_1.0.100.202210260954/tools/bin/../lib/gcc/arm-none-eabi/10.3.1/../../../../arm-none-eabi/lib/thumb/v7-m/nofp/libc_nano.a(lib_a-memcpy-stub.o)
 .ARM.attributes
                0x00000000000006ec       0x2d /opt/stm32cubeide/plugins/com.st.stm32cube.ide.mcu.externaltools.gnu-tools-for-stm32.10.3-2021.10.linux64_1.0.100.202210260954/tools/bin/../lib/gcc/arm-none-eabi/10.3.1/../../../../arm-none-eabi/lib/thumb/v7-m/nofp/libc_nano.a(lib_a-memset.o)
 .ARM.attributes
                0x0000000000000719       0x2d /opt/stm32cubeide/plugins/com.st.stm32cube.ide.mcu.externaltools.gnu-tools-for-stm32.10.3-2021.10.linux64_1.0.100.202210260954/tools/bin/../lib/gcc/arm-none-eabi/10.3.1/../../../../arm-none-eabi/lib/thumb/v7-m/nofp/libc_nano.a(lib_a-snprintf.o)
 .ARM.attributes
                0x0000000000000746       0x2d /opt/stm32cubeide/plugins/com.st.stm32cube.ide.mcu.externaltools.gnu-tools-for-stm32.10.3-2021.10.linux64_1.0.100.202210260954/tools/bin/../lib/gcc/arm-none-eabi/10.3.1/../../../../arm-none-eabi/lib/thumb/v7-m/nofp/libc_nano.a(lib_a-sprintf.o)
 .ARM.attributes
                0x0000000000000773       0x2d /opt/stm32cubeide/plugins/com.st.stm32cube.ide.mcu.externaltools.gnu-tools-for-stm32.10.3-2021.10.linux64_1.0.100.202210260954/tools/bin/../lib/gcc/arm-none-eabi/10.3.1/../../../../arm-none-eabi/lib/thumb/v7-m/nofp/libc_nano.a(lib_a-nano-svfprintf.o)
 .ARM.attributes
                0x00000000000007a0       0x2d /opt/stm32cubeide/plugins/com.st.stm32cube.ide.mcu.externaltools.gnu-tools-for-stm32.10.3-2021.10.linux64_1.0.100.202210260954/tools/bin/../lib/gcc/arm-none-eabi/10.3.1/../../../../arm-none-eabi/lib/thumb/v7-m/nofp/libc_nano.a(lib_a-nano-vfprintf_i.o)
 .ARM.attributes
                0x00000000000007cd       0x2d /opt/stm32cubeide/plugins/com.st.stm32cube.ide.mcu.externaltools.gnu-tools-for-stm32.10.3-2021.10.linux64_1.0.100.202210260954/tools/bin/../lib/gcc/arm-none-eabi/10.3.1/../../../../arm-none-eabi/lib/thumb/v7-m/nofp/libc_nano.a(lib_a-memchr-stub.o)
 .ARM.attributes
                0x00000000000007fa       0x2d /opt/stm32cubeide/plugins/com.st.stm32cube.ide.mcu.externaltools.gnu-tools-for-stm32.10.3-2021.10.linux64_1.0.100.202210260954/tools/bin/../lib/gcc/arm-none-eabi/10.3.1/../../../../arm-none-eabi/lib/thumb/v7-m/nofp/libc_nano.a(lib_a-memmove.o)
 .ARM.attributes
                0x0000000000000827       0x2d /opt/stm32cubeide/plugins/com.st.stm32cube.ide.mcu.externaltools.gnu-tools-for-stm32.10.3-2021.10.linux64_1.0.100.202210260954/tools/bin/../lib/gcc/arm-none-eabi/10.3.1/../../../../arm-none-eabi/lib/thumb/v7-m/nofp/libc_nano.a(lib_a-nano-freer.o)
 .ARM.attributes
                0x0000000000000854       0x2d /opt/stm32cubeide/plugins/com.st.stm32cube.ide.mcu.externaltools.gnu-tools-for-stm32.10.3-2021.10.linux64_1.0.100.202210260954/tools/bin/../lib/gcc/arm-none-eabi/10.3.1/../../../../arm-none-eabi/lib/thumb/v7-m/nofp/libc_nano.a(lib_a-nano-mallocr.o)
 .ARM.attributes
                0x0000000000000881       0x2d /opt/stm32cubeide/plugins/com.st.stm32cube.ide.mcu.externaltools.gnu-tools-for-stm32.10.3-2021.10.linux64_1.0.100.202210260954/tools/bin/../lib/gcc/arm-none-eabi/10.3.1/../../../../arm-none-eabi/lib/thumb/v7-m/nofp/libc_nano.a(lib_a-nano-reallocr.o)
 .ARM.attributes
                0x00000000000008ae       0x2d /opt/stm32cubeide/plugins/com.st.stm32cube.ide.mcu.externaltools.gnu-tools-for-stm32.10.3-2021.10.linux64_1.0.100.202210260954/tools/bin/../lib/gcc/arm-none-eabi/10.3.1/../../../../arm-none-eabi/lib/thumb/v7-m/nofp/libc_nano.a(lib_a-sbrkr.o)
 .ARM.attributes
                0x00000000000008db       0x2d /opt/stm32cubeide/plugins/com.st.stm32cube.ide.mcu.externaltools.gnu-tools-for-stm32.10.3-2021.10.linux64_1.0.100.202210260954/tools/bin/../lib/gcc/arm-none-eabi/10.3.1/../../../../arm-none-eabi/lib/thumb/v7-m/nofp/libc_nano.a(lib_a-mlock.o)
 .ARM.attributes
                0x0000000000000908       0x2d /opt/stm32cubeide/plugins/com.st.stm32cube.ide.mcu.externaltools.gnu-tools-for-stm32.10.3-2021.10.linux64_1.0.100.202210260954/tools/bin/../lib/gcc/arm-none-eabi/10.3.1/../../../../arm-none-eabi/lib/thumb/v7-m/nofp/libc_nano.a(lib_a-nano-msizer.o)
 .ARM.attributes
                0x0000000000000935       0x2d /opt/stm32cubeide/plugins/com.st.stm32cube.ide.mcu.externaltools.gnu-tools-for-stm32.10.3-2021.10.linux64_1.0.100.202210260954/tools/bin/../lib/gcc/arm-none-eabi/10.3.1/../../../../arm-none-eabi/lib/thumb/v7-m/nofp/libc_nano.a(lib_a-reent.o)
 .ARM.attributes
                0x0000000000000962       0x2d /opt/stm32cubeide/plugins/com.st.stm32cube.ide.mcu.externaltools.gnu-tools-for-stm32.10.3-2021.10.linux64_1.0.100.202210260954/tools/bin/../lib/gcc/arm-none-eabi/10.3.1/../../../../arm-none-eabi/lib/thumb/v7-m/nofp/libc_nano.a(lib_a-lock.o)
 .ARM.attributes
                0x000000000000098f       0x1d /opt/stm32cubeide/plugins/com.st.stm32cube.ide.mcu.externaltools.gnu-tools-for-stm32.10.3-2021.10.linux64_1.0.100.202210260954/tools/bin/../lib/gcc/arm-none-eabi/10.3.1/thumb/v7-m/nofp/crtn.o
OUTPUT(itgfsr.elf elf32-littlearm)
LOAD linker stubs
LOAD /opt/stm32cubeide/plugins/com.st.stm32cube.ide.mcu.externaltools.gnu-tools-for-stm32.10.3-2021.10.linux64_1.0.100.202210260954/tools/bin/../lib/gcc/arm-none-eabi/10.3.1/../../../../arm-none-eabi/lib/thumb/v7-m/nofp/libc.a
LOAD /opt/stm32cubeide/plugins/com.st.stm32cube.ide.mcu.externaltools.gnu-tools-for-stm32.10.3-2021.10.linux64_1.0.100.202210260954/tools/bin/../lib/gcc/arm-none-eabi/10.3.1/../../../../arm-none-eabi/lib/thumb/v7-m/nofp/libm.a
LOAD /opt/stm32cubeide/plugins/com.st.stm32cube.ide.mcu.externaltools.gnu-tools-for-stm32.10.3-2021.10.linux64_1.0.100.202210260954/tools/bin/../lib/gcc/arm-none-eabi/10.3.1/thumb/v7-m/nofp/libgcc.a

.comment        0x0000000000000000       0x50
 .comment       0x0000000000000000       0x50 ./Core/Src/adc.o
                                         0x51 (size before relaxing)
 .comment       0x0000000000000050       0x51 ./Core/Src/dma.o
 .comment       0x0000000000000050       0x51 ./Core/Src/gpio.o
 .comment       0x0000000000000050       0x51 ./Core/Src/main.o
 .comment       0x0000000000000050       0x51 ./Core/Src/stm32f1xx_hal_msp.o
 .comment       0x0000000000000050       0x51 ./Core/Src/stm32f1xx_it.o
 .comment       0x0000000000000050       0x51 ./Core/Src/sysmem.o
 .comment       0x0000000000000050       0x51 ./Core/Src/system_stm32f1xx.o
 .comment       0x0000000000000050       0x51 ./Core/Src/tim.o
 .comment       0x0000000000000050       0x51 ./Core/Src/usb.o
 .comment       0x0000000000000050       0x51 ./Drivers/STM32F1xx_HAL_Driver/Src/stm32f1xx_hal.o
 .comment       0x0000000000000050       0x51 ./Drivers/STM32F1xx_HAL_Driver/Src/stm32f1xx_hal_adc.o
 .comment       0x0000000000000050       0x51 ./Drivers/STM32F1xx_HAL_Driver/Src/stm32f1xx_hal_adc_ex.o
 .comment       0x0000000000000050       0x51 ./Drivers/STM32F1xx_HAL_Driver/Src/stm32f1xx_hal_cortex.o
 .comment       0x0000000000000050       0x51 ./Drivers/STM32F1xx_HAL_Driver/Src/stm32f1xx_hal_dma.o
 .comment       0x0000000000000050       0x51 ./Drivers/STM32F1xx_HAL_Driver/Src/stm32f1xx_hal_gpio.o
 .comment       0x0000000000000050       0x51 ./Drivers/STM32F1xx_HAL_Driver/Src/stm32f1xx_hal_pcd.o
 .comment       0x0000000000000050       0x51 ./Drivers/STM32F1xx_HAL_Driver/Src/stm32f1xx_hal_pcd_ex.o
 .comment       0x0000000000000050       0x51 ./Drivers/STM32F1xx_HAL_Driver/Src/stm32f1xx_hal_rcc.o
 .comment       0x0000000000000050       0x51 ./Drivers/STM32F1xx_HAL_Driver/Src/stm32f1xx_hal_rcc_ex.o